{"ChangesRequired":true,"Command":{"CommandId":"pin-destroy-001","Command":"destroy","Mode":"reconcile","State":"","StartTs":"0001-01-01T00:00:00Z","EndTs":"0001-01-01T00:00:00Z","ResourceUpdates":[{"ResourceId":"r1","ResourceType":"AWS::S3::Bucket","ResourceLabel":"old-bucket","StackName":"default","Operation":"delete","State":""},{"ResourceId":"r2","ResourceType":"AWS::EC2::Instance","ResourceLabel":"old-server","StackName":"default","Operation":"delete","State":"","IsCascade":true,"CascadeSource":"old-bucket"}]}}
