[1;38;2;136;136;136m     [0m[1;38;2;136;136;136mID             [0m[1;38;2;136;136;136mCommand   [0m[1;38;2;136;136;136mMode        [0m[1;38;2;136;136;136mProgress                      [0m[1;38;2;136;136;136m✓    [0m[1;38;2;136;136;136m✗    [0m[1;38;2;136;136;136m◐    [0m[1;38;2;136;136;136m○    [0m[1;38;2;136;136;136mTime    [0m
[38;2;85;85;85m✓    [0m[38;2;85;85;85mcmd-abc123     [0m[38;2;85;85;85mapply     [0m[38;2;85;85;85mreconcile   [0m[38;2;85;85;85mcompleted 5/5                 [0m[38;2;85;85;85m5    [0m[38;2;85;85;85m0    [0m[38;2;85;85;85m0    [0m[38;2;85;85;85m0    [0m[38;2;85;85;85m00:42   [0m
[38;2;51;51;85m────────────────────────────────────────────────────────────────────────────────────────────────────[0m
                                                                                                    
  [1;38;2;255;133;51m▌ Targets[0m                                                                                         
  [1;38;2;232;232;232;48;2;58;58;58m ▲    [0m[38;2;136;136;136mLabel                                                                     [0m[38;2;136;136;136mOperation   [0m[38;2;136;136;136mTime[0m  
   [38;2;232;232;232m✓[0m    [38;2;85;85;85maws-us-east-1[0m                                                             [38;2;85;85;85mcreate[0m      [38;2;85;85;85m00:03[0m 
                                                                                                    
  [1;38;2;255;133;51m▌ Stacks[0m                                                                                          
  [1;38;2;232;232;232;48;2;58;58;58m ▲    [0m[38;2;136;136;136mLabel                                                                     [0m[38;2;136;136;136mOperation   [0m[38;2;136;136;136mTime[0m  
   [38;2;232;232;232m✓[0m    [38;2;85;85;85mproduction[0m                                                                [38;2;85;85;85mcreate[0m      [38;2;85;85;85m00:01[0m 
                                                                                                    
  [1;38;2;255;133;51m▌ Policies[0m                                                                                        
  [1;38;2;232;232;232;48;2;58;58;58m ▲    [0m[38;2;136;136;136mLabel                        [0m[38;2;136;136;136mType          [0m[38;2;136;136;136mStack                          [0m[38;2;136;136;136mOperation   [0m[38;2;136;136;136mTime[0m  
   [38;2;232;232;232m✓[0m    [38;2;85;85;85mauto-reconcile[0m               [38;2;85;85;85mttl[0m           [38;2;85;85;85mproduction[0m                     [38;2;85;85;85mupdate[0m      [38;2;85;85;85m00:01[0m 
                                                                                                    
  [1;38;2;255;133;51m▌ Resources[0m                                                                                       
  [1;38;2;232;232;232;48;2;58;58;58m ▲    [0m[38;2;136;136;136mLabel                                        [0m[38;2;136;136;136mType                         [0m[38;2;136;136;136mOperation   [0m[38;2;136;136;136mTime[0m  
    [38;2;96;165;250m╭─[0m create my-bucket (AWS::S3::Bucket) [38;2;96;165;250m───────────────────────────────────────────────[0m [38;2;232;232;232m✓[0m 00:05 [38;2;96;165;250m╮[0m 
    [38;2;96;165;250m│[0m [38;2;85;85;85mType:    [0m [38;2;136;136;136mAWS::S3::Bucket[0m                                                                  [38;2;96;165;250m│[0m  
    [38;2;96;165;250m│[0m [38;2;85;85;85mStack:   [0m [38;2;136;136;136mproduction[0m                                                                       [38;2;96;165;250m│[0m  
    [38;2;96;165;250m│[0m [38;2;85;85;85mDuration:[0m [38;2;136;136;136m00:05[0m                                                                            [38;2;96;165;250m│[0m  
    [38;2;96;165;250m╰────────────────────────────────────────────────────────────────────────────────────────────╯[0m  
   [38;2;232;232;232m✓[0m    [38;2;85;85;85mweb-1[0m                                        [38;2;85;85;85mAWS::EC2::Instance[0m           [38;2;85;85;85mcreate[0m      [38;2;85;85;85m00:08[0m 