[1;38;2;136;136;136m     [0m[1;38;2;136;136;136mID             [0m[1;38;2;136;136;136mCommand   [0m[1;38;2;136;136;136mMode        [0m[1;38;2;136;136;136mProgress                      [0m[1;38;2;136;136;136m✓    [0m[1;38;2;136;136;136m✗    [0m[1;38;2;136;136;136m◐    [0m[1;38;2;136;136;136m○    [0m[1;38;2;136;136;136mTime    [0m
[38;2;232;232;232m⊘    [0m[38;2;96;165;250mcmd-golden-ab  [0m[38;2;232;232;232mapply     [0m[38;2;232;232;232mreconcile   [0m[38;2;232;232;232mcanceled 5/5                  [0m[38;2;232;232;232m0    [0m[38;2;232;232;232m0    [0m[38;2;232;232;232m0    [0m[38;2;232;232;232m0    [0m[38;2;232;232;232m01:30   [0m
[38;2;85;85;102m────────────────────────────────────────────────────────────────────────────────────────────────────[0m
                                                                                                    
  [1;38;2;255;133;51m▌ Resources[0m                                                                                       
  [1;38;2;232;232;232;48;2;58;58;58m ▲    [0m[38;2;136;136;136mLabel                                        [0m[38;2;136;136;136mType                         [0m[38;2;136;136;136mOperation   [0m[38;2;136;136;136mTime[0m  
[48;2;58;58;58m  [0m [38;2;136;136;136;48;2;58;58;58m⊘[0m[48;2;58;58;58m [0m [38;2;181;181;91;48;2;58;58;58mAbandoned[0m [38;2;252;165;165;48;2;58;58;58mres-abandoned-1[0m[48;2;58;58;58m                              [0m[38;2;252;165;165;48;2;58;58;58mAWS::S3::Bucket[0m[48;2;58;58;58m              [0m[38;2;252;165;165;48;2;58;58;58mcreate[0m[48;2;58;58;58m    [0m[38;2;252;165;165;48;2;58;58;58m[0m
   [38;2;136;136;136m⊘[0m  [38;2;181;181;91mAbandoned[0m [38;2;248;113;113mres-abandoned-2[0m                              [38;2;248;113;113mAWS::EC2::Instance[0m           [38;2;248;113;113mcreate[0m    [38;2;248;113;113m[0m
   [38;2;136;136;136m⊘[0m    [38;2;248;113;113mres-canceled-1[0m                               [38;2;248;113;113mAWS::S3::Bucket[0m              [38;2;248;113;113mcreate[0m      [38;2;248;113;113m—[0m     
   [38;2;136;136;136m⊘[0m    [38;2;248;113;113mres-canceled-2[0m                               [38;2;248;113;113mAWS::EC2::Instance[0m           [38;2;248;113;113mdelete[0m      [38;2;248;113;113m—[0m     
   [38;2;136;136;136m⊘[0m    [38;2;248;113;113mres-canceled-3[0m                               [38;2;248;113;113mAWS::RDS::DBInstance[0m         [38;2;248;113;113mdelete[0m      [38;2;248;113;113m—[0m     
[38;2;181;181;91m[0m                                                                                                    
[38;2;181;181;91m  ⚠ 2 in-progress updates were abandoned. Check the synchronizer or the cloud console for orphaned r[0m
                                                                                                    
                                                                                                    
                                                                                                    
                                                                                                    
                                                                                                    
                                                                                                    
                                                                                                    
                                                                                                    
                                                                                                    
                                                                                                    
                                                                                                    
                                                                                                    
                                                                                                    
                                                                                                    
                                                                                                    