[1;38;2;170;170;170m     [0m[1;38;2;170;170;170mID             [0m[1;38;2;170;170;170mCommand   [0m[1;38;2;170;170;170mMode        [0m[1;38;2;170;170;170mProgress                      [0m[1;38;2;170;170;170m✓    [0m[1;38;2;170;170;170m✗    [0m[1;38;2;170;170;170m◐    [0m[1;38;2;170;170;170m○    [0m[1;38;2;170;170;170mTime    [0m
[38;2;232;232;232m✓    [0m[38;2;129;209;219mcmd-abc123     [0m[38;2;232;232;232mapply     [0m[38;2;232;232;232mreconcile   [0m[38;2;232;232;232mcompleted 5/5                 [0m[38;2;232;232;232m5    [0m[38;2;232;232;232m0    [0m[38;2;232;232;232m0    [0m[38;2;232;232;232m0    [0m[38;2;232;232;232m00:42   [0m
[38;2;85;85;102m────────────────────────────────────────────────────────────────────────────────────────────────────[0m
                                                                                                    
  [1;38;2;255;133;51m▌ Targets[0m                                                                                         
  [38;2;170;170;170m      [0m[1;38;2;232;232;232;48;2;58;58;58mLabel ▲                                                                   [0m[38;2;170;170;170mOperation   [0m[38;2;170;170;170mTime[0m  
   [38;2;232;232;232m✓[0m    [38;2;153;153;153maws-us-east-1[0m                                                             [38;2;153;153;153mcreate[0m      [38;2;153;153;153m00:03[0m 
                                                                                                    
  [1;38;2;255;133;51m▌ Stacks[0m                                                                                          
  [38;2;170;170;170m      [0m[1;38;2;232;232;232;48;2;58;58;58mLabel ▲                                                                   [0m[38;2;170;170;170mOperation   [0m[38;2;170;170;170mTime[0m  
   [38;2;232;232;232m✓[0m    [38;2;153;153;153mproduction[0m                                                                [38;2;153;153;153mcreate[0m      [38;2;153;153;153m00:01[0m 
                                                                                                    
  [1;38;2;255;133;51m▌ Policies[0m                                                                                        
  [38;2;170;170;170m      [0m[1;38;2;232;232;232;48;2;58;58;58mLabel ▲                      [0m[38;2;170;170;170mType          [0m[38;2;170;170;170mStack                          [0m[38;2;170;170;170mOperation   [0m[38;2;170;170;170mTime[0m  
   [38;2;232;232;232m✓[0m    [38;2;153;153;153mauto-reconcile[0m               [38;2;153;153;153mttl[0m           [38;2;153;153;153mproduction[0m                     [38;2;153;153;153mupdate[0m      [38;2;153;153;153m00:01[0m 
                                                                                                    
  [1;38;2;255;133;51m▌ Resources[0m                                                                                       
  [38;2;170;170;170m      [0m[1;38;2;232;232;232;48;2;58;58;58mLabel ▲                                      [0m[38;2;170;170;170mType                         [0m[38;2;170;170;170mOperation   [0m[38;2;170;170;170mTime[0m  
    [38;2;129;209;219m╭─[0m create my-bucket (AWS::S3::Bucket) [38;2;129;209;219m───────────────────────────────────────────────[0m [38;2;232;232;232m✓[0m 00:05 [38;2;129;209;219m╮[0m 
    [38;2;129;209;219m│[0m [38;2;153;153;153mType:    [0m [38;2;170;170;170mAWS::S3::Bucket[0m                                                                  [38;2;129;209;219m│[0m  
    [38;2;129;209;219m│[0m [38;2;153;153;153mStack:   [0m [38;2;170;170;170mproduction[0m                                                                       [38;2;129;209;219m│[0m  
    [38;2;129;209;219m│[0m [38;2;153;153;153mDuration:[0m [38;2;170;170;170m00:05[0m                                                                            [38;2;129;209;219m│[0m  
    [38;2;129;209;219m╰────────────────────────────────────────────────────────────────────────────────────────────╯[0m  
   [38;2;232;232;232m✓[0m    [38;2;153;153;153mweb-1[0m                                        [38;2;153;153;153mAWS::EC2::Instance[0m           [38;2;153;153;153mcreate[0m      [38;2;153;153;153m00:08[0m 
                                                                                                    
                                                                                                    