  [1;38;2;232;232;232mformae[0m [1;38;2;255;133;51mapply · reconcile[0m                                                                          
[38;2;85;85;102m────────────────────────────────────────────────────────────────────────────────────────────────────[0m
  [38;2;232;232;232m~[0m 1 [38;2;232;232;232mupdate[0m
                                                                                                    
  [1;38;2;255;133;51m▌ Resources[0m                                                                                       
  [1;38;2;232;232;232mOperation ▲   [0m[38;2;170;170;170mLabel                                              [0m[38;2;170;170;170mType[0m                             
[48;2;58;58;58m  [0m[38;2;232;232;232;48;2;58;58;58m~ update      [0m[38;2;232;232;232;48;2;58;58;58mapi-service                                        [0m[38;2;232;232;232;48;2;58;58;58mAWS::ECS::Service[0m[48;2;58;58;58m                [0m
  [38;2;129;209;219m╭─[0m [38;2;129;209;219m~ api-service[0m [38;2;129;209;219m───────────────────────────────────────────────────────────────────────────────╮[0m 
  [38;2;129;209;219m│[0m [38;2;153;153;153mOperation:[0m [38;2;170;170;170mupdate[0m                                                                            [38;2;129;209;219m│[0m  
  [38;2;129;209;219m│[0m [38;2;153;153;153mType:     [0m [38;2;170;170;170mAWS::ECS::Service[0m                                                                 [38;2;129;209;219m│[0m  
  [38;2;129;209;219m│[0m [38;2;153;153;153mStack:    [0m [38;2;170;170;170mproduction[0m                                                                        [38;2;129;209;219m│[0m  
  [38;2;129;209;219m│[0m                                                                                              [38;2;129;209;219m│[0m  
  [38;2;129;209;219m│[0m [38;2;153;153;153mChanges:[0m                                                                                     [38;2;129;209;219m│[0m  
  [38;2;129;209;219m│[0m [38;2;170;170;170m └ [0m[38;2;153;153;153mset[0m  [38;2;153;153;153mTaskDefinition[0m → [38;2;232;232;232mnew task-def (current: "arn:aws:ecs:us-east-1:123456789:task-de…")[0m  [38;2;129;209;219m│[0m  
  [38;2;129;209;219m╰──────────────────────────────────────────────────────────────────────────────────────────────╯[0m  
                                                                                                    
                                                                                                    
                                                                                                    
                                                                                                    
                                                                                                    
                                                                                                    
                                                                                                    
                                                                                                    
                                                                                                    
                                                                                                    
                                                                                                    
                                                                                                    
                                                                                                    
                                                                                                    
[1;38;2;255;255;255;48;2;194;65;12m  This operation will update 1 resource(s).                          press y to apply · n to abort  [0m
[38;2;85;85;102m────────────────────────────────────────────────────────────────────────────────────────────────────[0m
  [1;38;2;129;209;219m↑↓[0m[38;2;153;153;153m: select[0m  [1;38;2;129;209;219mspace[0m[38;2;153;153;153m: expand[0m  [1;38;2;129;209;219m→←[0m[38;2;153;153;153m: column[0m  [1;38;2;129;209;219ms[0m[38;2;153;153;153m: sort[0m                                           [1;38;2;129;209;219m?[0m[38;2;153;153;153m: help[0m  