[38;2;232;232;232m+[0m 5 [38;2;232;232;232mcreate[0m  [38;2;96;165;250m~[0m 1 [38;2;96;165;250mupdate[0m  [38;2;181;181;91m-[0m 1 [38;2;181;181;91mdelete[0m  [38;2;255;133;51m↻[0m 1 [38;2;255;133;51mreplace[0m

  [1;38;2;255;133;51m▌ Targets[0m
  [38;2;96;165;250m╭─[0m [38;2;96;165;250m+ aws-us-east-1[0m [38;2;96;165;250m─────────────────────────────────────────────────────────────────────────────╮[0m
  [38;2;96;165;250m│[0m [38;2;85;85;85mOperation:[0m [38;2;136;136;136mcreate[0m                                                                            [38;2;96;165;250m│[0m
  [38;2;96;165;250m╰──────────────────────────────────────────────────────────────────────────────────────────────╯[0m

  [1;38;2;255;133;51m▌ Stacks[0m
  [38;2;96;165;250m╭─[0m [38;2;96;165;250m+ staging[0m [38;2;96;165;250m───────────────────────────────────────────────────────────────────────────────────╮[0m
  [38;2;96;165;250m│[0m [38;2;85;85;85mOperation:[0m [38;2;136;136;136mcreate[0m                                                                            [38;2;96;165;250m│[0m
  [38;2;96;165;250m╰──────────────────────────────────────────────────────────────────────────────────────────────╯[0m

  [1;38;2;255;133;51m▌ Policies[0m
  [38;2;96;165;250m╭─[0m [38;2;96;165;250m+ ttl-policy[0m [38;2;96;165;250m────────────────────────────────────────────────────────────────────────────────╮[0m
  [38;2;96;165;250m│[0m [38;2;85;85;85mOperation:[0m [38;2;136;136;136mcreate[0m                                                                            [38;2;96;165;250m│[0m
  [38;2;96;165;250m│[0m [38;2;85;85;85mType:     [0m [38;2;136;136;136mttl[0m                                                                               [38;2;96;165;250m│[0m
  [38;2;96;165;250m│[0m [38;2;85;85;85mStack:    [0m [38;2;136;136;136mstaging[0m                                                                           [38;2;96;165;250m│[0m
  [38;2;96;165;250m╰──────────────────────────────────────────────────────────────────────────────────────────────╯[0m

  [1;38;2;255;133;51m▌ Resources[0m
  [38;2;96;165;250m╭─[0m [38;2;96;165;250m- legacy-queue[0m [38;2;96;165;250m──────────────────────────────────────────────────────────────────────────────╮[0m
  [38;2;96;165;250m│[0m [38;2;85;85;85mOperation:[0m [38;2;136;136;136mdelete[0m                                                                            [38;2;96;165;250m│[0m
  [38;2;96;165;250m│[0m [38;2;85;85;85mType:     [0m [38;2;136;136;136mAWS::SQS::Queue[0m                                                                   [38;2;96;165;250m│[0m
  [38;2;96;165;250m│[0m [38;2;85;85;85mStack:    [0m [38;2;136;136;136mstaging[0m                                                                           [38;2;96;165;250m│[0m
  [38;2;96;165;250m╰──────────────────────────────────────────────────────────────────────────────────────────────╯[0m
  [38;2;96;165;250m╭─[0m [38;2;96;165;250m↻ cache-node[0m [38;2;96;165;250m────────────────────────────────────────────────────────────────────────────────╮[0m
  [38;2;96;165;250m│[0m [38;2;85;85;85mOperation:[0m [38;2;136;136;136mreplace[0m                                                                           [38;2;96;165;250m│[0m
  [38;2;96;165;250m│[0m [38;2;85;85;85mType:     [0m [38;2;136;136;136mAWS::ElastiCache::CacheCluster[0m                                                    [38;2;96;165;250m│[0m
  [38;2;96;165;250m│[0m [38;2;85;85;85mStack:    [0m [38;2;136;136;136mstaging[0m                                                                           [38;2;96;165;250m│[0m
  [38;2;96;165;250m╰──────────────────────────────────────────────────────────────────────────────────────────────╯[0m
  [38;2;96;165;250m╭─[0m [38;2;96;165;250m~ db-instance[0m [38;2;96;165;250m───────────────────────────────────────────────────────────────────────────────╮[0m
  [38;2;96;165;250m│[0m [38;2;85;85;85mOperation:[0m [38;2;136;136;136mupdate[0m                                                                            [38;2;96;165;250m│[0m
  [38;2;96;165;250m│[0m [38;2;85;85;85mType:     [0m [38;2;136;136;136mAWS::RDS::DBInstance[0m                                                              [38;2;96;165;250m│[0m
  [38;2;96;165;250m│[0m [38;2;85;85;85mStack:    [0m [38;2;136;136;136mstaging[0m                                                                           [38;2;96;165;250m│[0m
  [38;2;96;165;250m│[0m                                                                                              [38;2;96;165;250m│[0m
  [38;2;96;165;250m│[0m [38;2;85;85;85mChanges:[0m                                                                                     [38;2;96;165;250m│[0m
  [38;2;96;165;250m│[0m [38;2;136;136;136m └ [0m[38;2;85;85;85mset[0m  [38;2;85;85;85mInstanceClass[0m: [38;2;85;85;85m"db.t3.medium"[0m → [38;2;232;232;232m"db.t3.large"[0m                                        [38;2;96;165;250m│[0m
  [38;2;96;165;250m╰──────────────────────────────────────────────────────────────────────────────────────────────╯[0m
  [38;2;96;165;250m╭─[0m [38;2;96;165;250m+ web-bucket[0m [38;2;96;165;250m────────────────────────────────────────────────────────────────────────────────╮[0m
  [38;2;96;165;250m│[0m [38;2;85;85;85mOperation:[0m [38;2;136;136;136mcreate[0m                                                                            [38;2;96;165;250m│[0m
  [38;2;96;165;250m│[0m [38;2;85;85;85mType:     [0m [38;2;136;136;136mAWS::S3::Bucket[0m                                                                   [38;2;96;165;250m│[0m
  [38;2;96;165;250m│[0m [38;2;85;85;85mStack:    [0m [38;2;136;136;136mstaging[0m                                                                           [38;2;96;165;250m│[0m
  [38;2;96;165;250m╰──────────────────────────────────────────────────────────────────────────────────────────────╯[0m
  [38;2;96;165;250m╭─[0m [38;2;96;165;250m+ app-server[0m [38;2;96;165;250m────────────────────────────────────────────────────────────────────────────────╮[0m
  [38;2;96;165;250m│[0m [38;2;85;85;85mOperation:[0m [38;2;136;136;136mcreate[0m                                                                            [38;2;96;165;250m│[0m
  [38;2;96;165;250m│[0m [38;2;85;85;85mType:     [0m [38;2;136;136;136mAWS::EC2::Instance[0m                                                                [38;2;96;165;250m│[0m
  [38;2;96;165;250m│[0m [38;2;85;85;85mStack:    [0m [38;2;136;136;136mstaging[0m                                                                           [38;2;96;165;250m│[0m
  [38;2;96;165;250m╰──────────────────────────────────────────────────────────────────────────────────────────────╯[0m
