[38;2;232;232;232m+[0m 5 [38;2;232;232;232mcreate[0m  [38;2;232;232;232m✎[0m 1 [38;2;232;232;232mupdate[0m  [38;2;232;232;232m✕[0m 1 [38;2;232;232;232mdelete[0m  [38;2;232;232;232m↻[0m 1 [38;2;232;232;232mreplace[0m

  [1;38;2;255;133;51m▌ Targets[0m
  [38;2;129;209;219m╭─[0m [38;2;232;232;232m+[0m [38;2;170;170;170maws-us-east-1[0m [38;2;129;209;219m────────────────────────────────────────────────────────────────────────────╮[0m
  [38;2;129;209;219m│[0m [38;2;153;153;153mNo property changes.[0m                                                                         [38;2;129;209;219m│[0m
  [38;2;129;209;219m╰──────────────────────────────────────────────────────────────────────────────────────────────╯[0m

  [1;38;2;255;133;51m▌ Stacks[0m
  [38;2;129;209;219m╭─[0m [38;2;232;232;232m+[0m [38;2;170;170;170mstaging[0m [38;2;129;209;219m──────────────────────────────────────────────────────────────────────────────────╮[0m
  [38;2;129;209;219m│[0m [38;2;153;153;153mNo property changes.[0m                                                                         [38;2;129;209;219m│[0m
  [38;2;129;209;219m╰──────────────────────────────────────────────────────────────────────────────────────────────╯[0m

  [1;38;2;255;133;51m▌ Policies[0m
  [38;2;129;209;219m╭─[0m [38;2;232;232;232m+[0m [38;2;170;170;170mttl-policy[0m [38;2;129;209;219m───────────────────────────────────────────────────────────────────────────────╮[0m
  [38;2;129;209;219m│[0m [38;2;153;153;153mNo property changes.[0m                                                                         [38;2;129;209;219m│[0m
  [38;2;129;209;219m╰──────────────────────────────────────────────────────────────────────────────────────────────╯[0m

  [1;38;2;255;133;51m▌ Resources[0m
  [38;2;129;209;219m╭─[0m [38;2;232;232;232m✕[0m [38;2;170;170;170mlegacy-queue[0m [38;2;129;209;219m─────────────────────────────────────────────────────────────────────────────╮[0m
  [38;2;129;209;219m│[0m [38;2;153;153;153mThis resource will be removed.[0m                                                               [38;2;129;209;219m│[0m
  [38;2;129;209;219m╰──────────────────────────────────────────────────────────────────────────────────────────────╯[0m
  [38;2;129;209;219m╭─[0m [38;2;232;232;232m↻[0m [38;2;170;170;170mcache-node[0m [38;2;129;209;219m───────────────────────────────────────────────────────────────────────────────╮[0m
  [38;2;129;209;219m│[0m [38;2;153;153;153mNo property changes.[0m                                                                         [38;2;129;209;219m│[0m
  [38;2;129;209;219m╰──────────────────────────────────────────────────────────────────────────────────────────────╯[0m
  [38;2;129;209;219m╭─[0m [38;2;232;232;232m✎[0m [38;2;170;170;170mdb-instance[0m [38;2;129;209;219m──────────────────────────────────────────────────────────────────────────────╮[0m
  [38;2;129;209;219m│[0m [38;2;170;170;170m └ [0m[38;2;153;153;153mset[0m  [38;2;153;153;153mInstanceClass[0m: [38;2;153;153;153m"db.t3.medium"[0m → [38;2;232;232;232m"db.t3.large"[0m                                        [38;2;129;209;219m│[0m
  [38;2;129;209;219m╰──────────────────────────────────────────────────────────────────────────────────────────────╯[0m
  [38;2;129;209;219m╭─[0m [38;2;232;232;232m+[0m [38;2;170;170;170mweb-bucket[0m [38;2;129;209;219m───────────────────────────────────────────────────────────────────────────────╮[0m
  [38;2;129;209;219m│[0m [38;2;153;153;153mNo property changes.[0m                                                                         [38;2;129;209;219m│[0m
  [38;2;129;209;219m╰──────────────────────────────────────────────────────────────────────────────────────────────╯[0m
  [38;2;129;209;219m╭─[0m [38;2;232;232;232m+[0m [38;2;170;170;170mapp-server[0m [38;2;129;209;219m───────────────────────────────────────────────────────────────────────────────╮[0m
  [38;2;129;209;219m│[0m [38;2;153;153;153mNo property changes.[0m                                                                         [38;2;129;209;219m│[0m
  [38;2;129;209;219m╰──────────────────────────────────────────────────────────────────────────────────────────────╯[0m
