[1;38;2;232;232;232m  formae destroy — simulation                                                 query: stack:staging  [0m
[38;2;85;85;102m────────────────────────────────────────────────────────────────────────────────────────────────────[0m
  [38;2;181;181;91m-[0m 4 [38;2;181;181;91mdelete[0m
                                                                                                    
  [38;2;181;181;91m╭─[0m Warning [38;2;181;181;91m───────────────────────────────────────────────────────────────────────────────────╮[0m   
  [38;2;181;181;91m│[0m Destroying these resources will also delete other resources that depend on them.           [38;2;181;181;91m│[0m    
  [38;2;181;181;91m╰────────────────────────────────────────────────────────────────────────────────────────────╯[0m    
                                                                                                    
                                                                                                    
  [1;38;2;255;133;51m▌ Resources[0m                                                                                       
  [1;38;2;232;232;232;48;2;58;58;58mOperation ▲   [0m[38;2;136;136;136mLabel                                              [0m[38;2;136;136;136mType[0m                             
[48;2;58;58;58m  [0m[38;2;232;232;232;48;2;58;58;58m- delete      [0m[38;2;232;232;232;48;2;58;58;58mprimary-db                                         [0m[38;2;232;232;232;48;2;58;58;58mAWS::RDS::DBInstance[0m[48;2;58;58;58m             [0m
  [38;2;181;181;91m- delete      [0m[38;2;181;181;91mweb-server                                         [0m[38;2;181;181;91mAWS::EC2::Instance[0m               
      [38;2;85;85;85mdepends on: primary-db[0m                                                                        
  [38;2;181;181;91m- delete      [0m[38;2;181;181;91mlog-group                                          [0m[38;2;181;181;91mAWS::CloudWatch::LogGroup[0m        
      [38;2;85;85;85mdepends on: web-server[0m                                                                        
  [38;2;181;181;91m- delete      [0m[38;2;181;181;91mapi-handler                                        [0m[38;2;181;181;91mAWS::Lambda::Function[0m            
                                                                                                    
                                                                                                    
                                                                                                    
                                                                                                    
                                                                                                    
                                                                                                    
                                                                                                    
                                                                                                    
                                                                                                    
                                                                                                    
[38;2;85;85;102m────────────────────────────────────────────────────────────────────────────────────────────────────[0m
  This operation will delete 4 resource(s), of which 2 will be deleted                              
  because they depend on other targeted resources.                                                  
                                                                                                    
  Do you want to continue? (y/N)                                                                    