  [1;38;2;232;232;232mformae[0m [1;38;2;255;133;51mapply[0m                                                                     mode: reconcile  
[38;2;85;85;102m────────────────────────────────────────────────────────────────────────────────────────────────────[0m

                                                                                                    
  [38;2;85;85;102m┌──────────────────────────────────────────────────────────────────────────────────────────────┐[0m  
  [38;2;85;85;102m│[0m [38;2;232;232;232mThis forma deploys the production database cluster. Applying this will cause a brief[0m         [38;2;85;85;102m│[0m  
  [38;2;85;85;102m│[0m [38;2;232;232;232mconnectivity interruption during the RDS failover.[0m                                           [38;2;85;85;102m│[0m  
  [38;2;85;85;102m└──────────────────────────────────────────────────────────────────────────────────────────────┘[0m  
                                                                                                    
  [38;2;232;232;232mPress enter to continue...[0m                                                                        
                                                                                                    
  [38;2;153;153;153m(simulation output follows after acknowledgment)[0m                                                  
                                                                                                    
                                                                                                    
                                                                                                    
                                                                                                    
                                                                                                    
                                                                                                    
                                                                                                    
                                                                                                    
                                                                                                    
                                                                                                    
                                                                                                    
                                                                                                    
                                                                                                    
                                                                                                    
                                                                                                    
                                                                                                    
                                                                                                    
                                                                                                    
[38;2;85;85;102m────────────────────────────────────────────────────────────────────────────────────────────────────[0m
  [1;38;2;129;209;219menter[0m[38;2;153;153;153m: continue[0m  [1;38;2;129;209;219mq[0m[38;2;153;153;153m: abort[0m                                                                [1;38;2;129;209;219m?[0m[38;2;153;153;153m: help[0m  