  [1;38;2;232;232;232mformae[0m [1;38;2;255;133;51mapply, mode=reconcile[0m                                                                      
[38;2;85;85;102m────────────────────────────────────────────────────────────────────────────────────────────────────[0m
  [38;2;170;170;170m+[0m 10 [38;2;232;232;232mcreate[0m  [38;2;170;170;170m~[0m 4 [38;2;232;232;232mupdate[0m  [38;2;248;113;113m-[0m 2 [38;2;232;232;232mdelete[0m  [38;2;255;133;51m↻[0m 2 [38;2;232;232;232mreplace[0m  [38;2;119;119;119m⊘[0m 1 [38;2;232;232;232mdetach[0m  [38;2;119;119;119m=[0m 1 [38;2;232;232;232mkeep[0m
                                                                                                    
  [1;38;2;255;133;51m▌ Targets[0m                                                                                         
  [1;38;2;232;232;232mOperation ▲   [0m[38;2;170;170;170mLabel[0m                                                                               
[48;2;58;58;58m  [0m[38;2;255;133;51;48;2;58;58;58m↻ replace     [0m[38;2;232;232;232;48;2;58;58;58maws-ap-south-1[0m[48;2;58;58;58m                                                                      [0m
  [38;2;170;170;170m~ update      [0m[38;2;129;209;219maws-eu-west-1[0m                                                                       
      [38;2;153;153;153mto discoverable[0m                                                                               
  [38;2;170;170;170m+ create      [0m[38;2;129;209;219maws-us-east-1[0m                                                                       
                                                                                                    
  [1;38;2;255;133;51m▌ Stacks[0m                                                                                          
  [1;38;2;232;232;232mOperation ▲   [0m[38;2;170;170;170mLabel[0m                                                                               
  [38;2;170;170;170m+ create      [0m[38;2;129;209;219mproduction[0m                                                                          
                                                                                                    
  [1;38;2;255;133;51m▌ Policies[0m                                                                                        
  [1;38;2;232;232;232mOperation ▲   [0m[38;2;170;170;170mLabel                            [0m[38;2;170;170;170mType            [0m[38;2;170;170;170mStack[0m                              
  [38;2;170;170;170m~ update      [0m[38;2;129;209;219mstaging-reconcile                [0m[38;2;170;170;170mauto-reconcile  [0m[38;2;170;170;170mstaging[0m                            
  [38;2;119;119;119m⊘ detach      [0m[38;2;129;209;219mold-policy                       [0m[38;2;170;170;170mttl             [0m[38;2;170;170;170mstaging[0m                            
  [38;2;170;170;170m+ create      [0m[38;2;129;209;219mauto-reconcile                   [0m[38;2;170;170;170mttl             [0m[38;2;170;170;170mproduction[0m                         
  [38;2;119;119;119m= keep        [0m[38;2;129;209;219mshared-policy                    [0m[38;2;170;170;170mttl             [0m[38;2;170;170;170mshared[0m                             
      [38;2;153;153;153mstill referenced by: production, development[0m                                                  
                                                                                                    
  [1;38;2;255;133;51m▌ Resources[0m                                                                                       
  [1;38;2;232;232;232mOperation ▲   [0m[38;2;170;170;170mLabel                                              [0m[38;2;170;170;170mType[0m                             
  [38;2;248;113;113m- delete      [0m[38;2;248;113;113mold-cache                                          [0m[38;2;248;113;113mAWS::ElastiCache::CacheCluster[0m   
  [38;2;248;113;113m- delete      [0m[38;2;248;113;113mlegacy-queue                                       [0m[38;2;248;113;113mAWS::SQS::Queue[0m                  
      [38;2;153;153;153mdepends on: old-cache[0m                                                                         
  [38;2;255;133;51m↻ replace     [0m[38;2;129;209;219mweb-server                                         [0m[38;2;170;170;170mAWS::EC2::Instance[0m               
[1;38;2;255;255;255;48;2;255;133;51m  This operation will delete 2 resource(s), replace 1 resource(s)…   press y to apply · n to abort  [0m
[38;2;85;85;102m────────────────────────────────────────────────────────────────────────────────────────────────────[0m
  [1;38;2;129;209;219m↑↓[0m[38;2;153;153;153m: select[0m  [1;38;2;129;209;219mspace[0m[38;2;153;153;153m: expand[0m  [1;38;2;129;209;219m→←[0m[38;2;153;153;153m: column[0m  [1;38;2;129;209;219ms[0m[38;2;153;153;153m: sort[0m                                           [1;38;2;129;209;219m?[0m[38;2;153;153;153m: help[0m  