[1;38;2;232;232;232m  formae apply — simulation                                                        mode: reconcile  [0m
[38;2;51;51;85m────────────────────────────────────────────────────────────────────────────────────────────────────[0m
  [38;2;96;165;250m~[0m 1 [38;2;96;165;250mupdate[0m
                                                                                                    
  [1;38;2;255;133;51m▌ Resources[0m                                                                                       
  [1;38;2;232;232;232;48;2;58;58;58mOperation ▲   [0m[38;2;136;136;136mLabel                                              [0m[38;2;136;136;136mType[0m                             
[48;2;58;58;58m  [0m[38;2;232;232;232;48;2;58;58;58m~ update      [0m[38;2;232;232;232;48;2;58;58;58mapi-service                                        [0m[38;2;232;232;232;48;2;58;58;58mAWS::ECS::Service[0m[48;2;58;58;58m                [0m
  [38;2;96;165;250m╭─[0m [38;2;96;165;250m~ api-service[0m [38;2;96;165;250m───────────────────────────────────────────────────────────────────────────────╮[0m 
  [38;2;96;165;250m│[0m [38;2;85;85;85mOperation:[0m [38;2;136;136;136mupdate[0m                                                                            [38;2;96;165;250m│[0m  
  [38;2;96;165;250m│[0m [38;2;85;85;85mType:     [0m [38;2;136;136;136mAWS::ECS::Service[0m                                                                 [38;2;96;165;250m│[0m  
  [38;2;96;165;250m│[0m [38;2;85;85;85mStack:    [0m [38;2;136;136;136mproduction[0m                                                                        [38;2;96;165;250m│[0m  
  [38;2;96;165;250m│[0m                                                                                              [38;2;96;165;250m│[0m  
  [38;2;96;165;250m│[0m [38;2;85;85;85mChanges:[0m                                                                                     [38;2;96;165;250m│[0m  
  [38;2;96;165;250m│[0m [38;2;136;136;136m └ [0m[38;2;85;85;85mset[0m  [38;2;85;85;85mTaskDefinition[0m → [38;2;232;232;232mnew task-def (current: "arn:aws:ecs:us-east-1:123456789:task-de…")[0m  [38;2;96;165;250m│[0m  
  [38;2;96;165;250m╰──────────────────────────────────────────────────────────────────────────────────────────────╯[0m  
                                                                                                    
                                                                                                    
                                                                                                    
                                                                                                    
                                                                                                    
                                                                                                    
                                                                                                    
                                                                                                    
                                                                                                    
                                                                                                    
                                                                                                    
                                                                                                    
                                                                                                    
                                                                                                    
                                                                                                    
[38;2;51;51;85m────────────────────────────────────────────────────────────────────────────────────────────────────[0m
  [1;38;2;96;165;250m↑↓[0m[38;2;85;85;85m: select[0m  [1;38;2;96;165;250mspace[0m[38;2;85;85;85m: expand[0m  [1;38;2;96;165;250m→←[0m[38;2;85;85;85m: column[0m  [1;38;2;96;165;250ms[0m[38;2;85;85;85m: sort[0m  [1;38;2;96;165;250my[0m[38;2;85;85;85m: confirm[0m  [1;38;2;96;165;250mq[0m[38;2;85;85;85m: abort[0m                     [1;38;2;96;165;250m?[0m[38;2;85;85;85m: help[0m  