[38;2;170;170;170m+[0m 5 [38;2;232;232;232mcreate[0m  [38;2;170;170;170m~[0m 1 [38;2;232;232;232mupdate[0m  [38;2;248;113;113m-[0m 1 [38;2;232;232;232mdelete[0m  [38;2;255;133;51m↻[0m 1 [38;2;232;232;232mreplace[0m

  [1;38;2;255;133;51m▌ Targets[0m
  [38;2;129;209;219m╭─[0m [38;2;170;170;170m+ aws-us-east-1[0m [38;2;129;209;219m─────────────────────────────────────────────────────────────────────────────╮[0m
  [38;2;129;209;219m│[0m [38;2;153;153;153mOperation:[0m [38;2;170;170;170mcreate[0m                                                                            [38;2;129;209;219m│[0m
  [38;2;129;209;219m╰──────────────────────────────────────────────────────────────────────────────────────────────╯[0m

  [1;38;2;255;133;51m▌ Stacks[0m
  [38;2;129;209;219m╭─[0m [38;2;170;170;170m+ staging[0m [38;2;129;209;219m───────────────────────────────────────────────────────────────────────────────────╮[0m
  [38;2;129;209;219m│[0m [38;2;153;153;153mOperation:[0m [38;2;170;170;170mcreate[0m                                                                            [38;2;129;209;219m│[0m
  [38;2;129;209;219m╰──────────────────────────────────────────────────────────────────────────────────────────────╯[0m

  [1;38;2;255;133;51m▌ Policies[0m
  [38;2;129;209;219m╭─[0m [38;2;170;170;170m+ ttl-policy[0m [38;2;129;209;219m────────────────────────────────────────────────────────────────────────────────╮[0m
  [38;2;129;209;219m│[0m [38;2;153;153;153mOperation:[0m [38;2;170;170;170mcreate[0m                                                                            [38;2;129;209;219m│[0m
  [38;2;129;209;219m│[0m [38;2;153;153;153mType:     [0m [38;2;170;170;170mttl[0m                                                                               [38;2;129;209;219m│[0m
  [38;2;129;209;219m│[0m [38;2;153;153;153mStack:    [0m [38;2;170;170;170mstaging[0m                                                                           [38;2;129;209;219m│[0m
  [38;2;129;209;219m╰──────────────────────────────────────────────────────────────────────────────────────────────╯[0m

  [1;38;2;255;133;51m▌ Resources[0m
  [38;2;129;209;219m╭─[0m [38;2;248;113;113m- legacy-queue[0m [38;2;129;209;219m──────────────────────────────────────────────────────────────────────────────╮[0m
  [38;2;129;209;219m│[0m [38;2;153;153;153mOperation:[0m [38;2;170;170;170mdelete[0m                                                                            [38;2;129;209;219m│[0m
  [38;2;129;209;219m│[0m [38;2;153;153;153mType:     [0m [38;2;170;170;170mAWS::SQS::Queue[0m                                                                   [38;2;129;209;219m│[0m
  [38;2;129;209;219m│[0m [38;2;153;153;153mStack:    [0m [38;2;170;170;170mstaging[0m                                                                           [38;2;129;209;219m│[0m
  [38;2;129;209;219m╰──────────────────────────────────────────────────────────────────────────────────────────────╯[0m
  [38;2;129;209;219m╭─[0m [38;2;255;133;51m↻ cache-node[0m [38;2;129;209;219m────────────────────────────────────────────────────────────────────────────────╮[0m
  [38;2;129;209;219m│[0m [38;2;153;153;153mOperation:[0m [38;2;170;170;170mreplace[0m                                                                           [38;2;129;209;219m│[0m
  [38;2;129;209;219m│[0m [38;2;153;153;153mType:     [0m [38;2;170;170;170mAWS::ElastiCache::CacheCluster[0m                                                    [38;2;129;209;219m│[0m
  [38;2;129;209;219m│[0m [38;2;153;153;153mStack:    [0m [38;2;170;170;170mstaging[0m                                                                           [38;2;129;209;219m│[0m
  [38;2;129;209;219m╰──────────────────────────────────────────────────────────────────────────────────────────────╯[0m
  [38;2;129;209;219m╭─[0m [38;2;170;170;170m~ db-instance[0m [38;2;129;209;219m───────────────────────────────────────────────────────────────────────────────╮[0m
  [38;2;129;209;219m│[0m [38;2;153;153;153mOperation:[0m [38;2;170;170;170mupdate[0m                                                                            [38;2;129;209;219m│[0m
  [38;2;129;209;219m│[0m [38;2;153;153;153mType:     [0m [38;2;170;170;170mAWS::RDS::DBInstance[0m                                                              [38;2;129;209;219m│[0m
  [38;2;129;209;219m│[0m [38;2;153;153;153mStack:    [0m [38;2;170;170;170mstaging[0m                                                                           [38;2;129;209;219m│[0m
  [38;2;129;209;219m│[0m                                                                                              [38;2;129;209;219m│[0m
  [38;2;129;209;219m│[0m [38;2;153;153;153mChanges:[0m                                                                                     [38;2;129;209;219m│[0m
  [38;2;129;209;219m│[0m [38;2;170;170;170m └ [0m[38;2;153;153;153mset[0m  [38;2;153;153;153mInstanceClass[0m: [38;2;153;153;153m"db.t3.medium"[0m → [38;2;232;232;232m"db.t3.large"[0m                                        [38;2;129;209;219m│[0m
  [38;2;129;209;219m╰──────────────────────────────────────────────────────────────────────────────────────────────╯[0m
  [38;2;129;209;219m╭─[0m [38;2;170;170;170m+ web-bucket[0m [38;2;129;209;219m────────────────────────────────────────────────────────────────────────────────╮[0m
  [38;2;129;209;219m│[0m [38;2;153;153;153mOperation:[0m [38;2;170;170;170mcreate[0m                                                                            [38;2;129;209;219m│[0m
  [38;2;129;209;219m│[0m [38;2;153;153;153mType:     [0m [38;2;170;170;170mAWS::S3::Bucket[0m                                                                   [38;2;129;209;219m│[0m
  [38;2;129;209;219m│[0m [38;2;153;153;153mStack:    [0m [38;2;170;170;170mstaging[0m                                                                           [38;2;129;209;219m│[0m
  [38;2;129;209;219m╰──────────────────────────────────────────────────────────────────────────────────────────────╯[0m
  [38;2;129;209;219m╭─[0m [38;2;170;170;170m+ app-server[0m [38;2;129;209;219m────────────────────────────────────────────────────────────────────────────────╮[0m
  [38;2;129;209;219m│[0m [38;2;153;153;153mOperation:[0m [38;2;170;170;170mcreate[0m                                                                            [38;2;129;209;219m│[0m
  [38;2;129;209;219m│[0m [38;2;153;153;153mType:     [0m [38;2;170;170;170mAWS::EC2::Instance[0m                                                                [38;2;129;209;219m│[0m
  [38;2;129;209;219m│[0m [38;2;153;153;153mStack:    [0m [38;2;170;170;170mstaging[0m                                                                           [38;2;129;209;219m│[0m
  [38;2;129;209;219m╰──────────────────────────────────────────────────────────────────────────────────────────────╯[0m
