[1;38;2;232;232;232m  formae apply — simulation                                                        mode: reconcile  [0m
[38;2;85;85;102m────────────────────────────────────────────────────────────────────────────────────────────────────[0m
  [38;2;232;232;232m+[0m 10 [38;2;232;232;232mcreate[0m  [38;2;96;165;250m~[0m 4 [38;2;96;165;250mupdate[0m  [38;2;181;181;91m-[0m 2 [38;2;181;181;91mdelete[0m  [38;2;255;133;51m↻[0m 2 [38;2;255;133;51mreplace[0m  [38;2;136;136;136m⊘[0m 1 [38;2;136;136;136mdetach[0m  [38;2;85;85;85m=[0m 1 [38;2;85;85;85mkeep[0m
                                                                                                    
  [1;38;2;255;133;51m▌ Targets[0m                                                                                         
  [1;38;2;232;232;232;48;2;58;58;58mOperation ▲   [0m[38;2;136;136;136mLabel[0m                                                                               
[48;2;58;58;58m  [0m[38;2;232;232;232;48;2;58;58;58m↻ replace     [0m[38;2;232;232;232;48;2;58;58;58maws-ap-south-1[0m[48;2;58;58;58m                                                                      [0m
  [38;2;96;165;250m~ update      [0m[38;2;96;165;250maws-eu-west-1[0m                                                                       
      [38;2;85;85;85mto discoverable[0m                                                                               
  [38;2;232;232;232m+ create      [0m[38;2;96;165;250maws-us-east-1[0m                                                                       
                                                                                                    
  [1;38;2;255;133;51m▌ Stacks[0m                                                                                          
  [1;38;2;232;232;232;48;2;58;58;58mOperation ▲   [0m[38;2;136;136;136mLabel[0m                                                                               
  [38;2;232;232;232m+ create      [0m[38;2;96;165;250mproduction[0m                                                                          
                                                                                                    
  [1;38;2;255;133;51m▌ Policies[0m                                                                                        
  [1;38;2;232;232;232;48;2;58;58;58mOperation ▲   [0m[38;2;136;136;136mLabel                            [0m[38;2;136;136;136mType            [0m[38;2;136;136;136mStack[0m                              
  [38;2;96;165;250m~ update      [0m[38;2;96;165;250mstaging-reconcile                [0m[38;2;136;136;136mauto-reconcile  [0m[38;2;136;136;136mstaging[0m                            
  [38;2;136;136;136m⊘ detach      [0m[38;2;96;165;250mold-policy                       [0m[38;2;136;136;136mttl             [0m[38;2;136;136;136mstaging[0m                            
  [38;2;232;232;232m+ create      [0m[38;2;96;165;250mauto-reconcile                   [0m[38;2;136;136;136mttl             [0m[38;2;136;136;136mproduction[0m                         
  [38;2;85;85;85m= keep        [0m[38;2;96;165;250mshared-policy                    [0m[38;2;136;136;136mttl             [0m[38;2;136;136;136mshared[0m                             
      [38;2;85;85;85mstill referenced by: production, development[0m                                                  
                                                                                                    
  [1;38;2;255;133;51m▌ Resources[0m                                                                                       
  [1;38;2;232;232;232;48;2;58;58;58mOperation ▲   [0m[38;2;136;136;136mLabel                                              [0m[38;2;136;136;136mType[0m                             
  [38;2;181;181;91m- delete      [0m[38;2;181;181;91mold-cache                                          [0m[38;2;181;181;91mAWS::ElastiCache::CacheCluster[0m   
  [38;2;181;181;91m- delete      [0m[38;2;181;181;91mlegacy-queue                                       [0m[38;2;181;181;91mAWS::SQS::Queue[0m                  
[38;2;85;85;102m────────────────────────────────────────────────────────────────────────────────────────────────────[0m
  [1;38;2;96;165;250m↑↓[0m[38;2;85;85;85m: select[0m  [1;38;2;96;165;250mspace[0m[38;2;85;85;85m: expand[0m  [1;38;2;96;165;250m→←[0m[38;2;85;85;85m: column[0m  [1;38;2;96;165;250ms[0m[38;2;85;85;85m: sort[0m  [1;38;2;96;165;250my[0m[38;2;85;85;85m: confirm[0m  [1;38;2;96;165;250mq[0m[38;2;85;85;85m: abort[0m This operation will delete 2 
resource(s), replace 1 resource(s), create 1 stack(s), create 1 policy(ies), create 1 target(s),    
create 7 resource(s), update 1 policy(ies), update 1 target(s) and update 2 resource(s).  Do you    
want to continue? (y/N)  [1;38;2;96;165;250m?[0m[38;2;85;85;85m: help[0m                                                                    