                                                                                                    
                                                                                                    
                                                                                                    
                                                                                                    
                                                                                                    
                                                                                                    
                                   [38;2;85;85;102m╭────────────────────────────╮[0m                                   
                                   [38;2;85;85;102m│[0m                            [38;2;85;85;102m│[0m                                   
                                   [38;2;85;85;102m│[0m   [1;38;2;232;232;232mKeybindings[0m              [38;2;85;85;102m│[0m                                   
                                   [38;2;85;85;102m│[0m  [1;38;2;232;232;232mNavigate[0m                  [38;2;85;85;102m│[0m                                   
                                   [38;2;85;85;102m│[0m    [38;2;96;165;250m↑↓[0m        — [38;2;170;170;170mselect[0m      [38;2;85;85;102m│[0m                                   
                                   [38;2;85;85;102m│[0m    [38;2;96;165;250m→ ←[0m       — [38;2;170;170;170mcolumn[0m      [38;2;85;85;102m│[0m                                   
                                   [38;2;85;85;102m│[0m    [38;2;96;165;250mPgUp/PgDn[0m — [38;2;170;170;170mpage[0m        [38;2;85;85;102m│[0m                                   
                                   [38;2;85;85;102m│[0m                            [38;2;85;85;102m│[0m                                   
                                   [38;2;85;85;102m│[0m  [1;38;2;232;232;232mActions[0m                   [38;2;85;85;102m│[0m                                   
                                   [38;2;85;85;102m│[0m    [38;2;96;165;250mspace[0m     — [38;2;170;170;170mexpand[0m      [38;2;85;85;102m│[0m                                   
                                   [38;2;85;85;102m│[0m    [38;2;96;165;250ms[0m         — [38;2;170;170;170msort[0m        [38;2;85;85;102m│[0m                                   
                                   [38;2;85;85;102m│[0m    [38;2;96;165;250my[0m         — [38;2;170;170;170mconfirm[0m     [38;2;85;85;102m│[0m                                   
                                   [38;2;85;85;102m│[0m    [38;2;96;165;250mn[0m         — [38;2;170;170;170mabort[0m       [38;2;85;85;102m│[0m                                   
                                   [38;2;85;85;102m│[0m                            [38;2;85;85;102m│[0m                                   
                                   [38;2;85;85;102m│[0m  [1;38;2;232;232;232mGeneral[0m                   [38;2;85;85;102m│[0m                                   
                                   [38;2;85;85;102m│[0m    [38;2;96;165;250mq[0m         — [38;2;170;170;170mabort[0m       [38;2;85;85;102m│[0m                                   
                                   [38;2;85;85;102m│[0m    [38;2;96;165;250m?[0m         — [38;2;170;170;170mclose help[0m  [38;2;85;85;102m│[0m                                   
                                   [38;2;85;85;102m│[0m                            [38;2;85;85;102m│[0m                                   
                                   [38;2;85;85;102m╰────────────────────────────╯[0m                                   
                                                                                                    
                                                                                                    
                                                                                                    
                                                                                                    
                                                                                                    
                                                                                                    
                                                                                                    