[1;38;2;232;232;232m  formae apply — simulation                                                        mode: reconcile  [0m
[38;2;51;51;85m────────────────────────────────────────────────────────────────────────────────────────────────────[0m

                                                                                                    
  [38;2;51;51;85m┌──────────────────────────────────────────────────────────────────────────────────────────────┐[0m  
  [38;2;51;51;85m│[0m [38;2;51;51;85mThis forma deploys the production database cluster. Applying this will cause a brief[0m         [38;2;51;51;85m│[0m  
  [38;2;51;51;85m│[0m [38;2;51;51;85mconnectivity interruption during the RDS failover.[0m                                           [38;2;51;51;85m│[0m  
  [38;2;51;51;85m└──────────────────────────────────────────────────────────────────────────────────────────────┘[0m  
                                                                                                    
  [38;2;232;232;232mPress enter to continue...[0m                                                                        
                                                                                                    
  [38;2;85;85;85m(simulation output follows after acknowledgment)[0m                                                  
                                                                                                    
                                                                                                    
                                                                                                    
                                                                                                    
                                                                                                    
                                                                                                    
                                                                                                    
                                                                                                    
                                                                                                    
                                                                                                    
                                                                                                    
                                                                                                    
                                                                                                    
                                                                                                    
                                                                                                    
                                                                                                    
                                                                                                    
                                                                                                    
[38;2;51;51;85m────────────────────────────────────────────────────────────────────────────────────────────────────[0m
  [1;38;2;96;165;250menter[0m[38;2;85;85;85m: continue[0m  [1;38;2;96;165;250mq[0m[38;2;85;85;85m: abort[0m                                                                [1;38;2;96;165;250m?[0m[38;2;85;85;85m: help[0m  