[1;38;2;232;232;232m  formae inventory                                                                                  [0m
[38;2;85;85;102m────────────────────────────────────────────────────────────────────────────────────────────────────[0m
  [38;2;153;153;153m← esc[0m                                                                                             
  [1;38;2;129;209;219mold-logs (AWS::S3::Bucket)[0m                                                                        
  [38;2;85;85;102m──────────────────────────────────────────────────────────────────────────────────────────────────[0m
  [38;2;170;170;170mLabel:[0m[38;2;232;232;232m    old-logs[0m                                                                                
  [38;2;170;170;170mType:[0m[38;2;232;232;232m     AWS::S3::Bucket[0m                                                                         
  [38;2;170;170;170mStack:[0m[38;2;232;232;232m    $unmanaged[0m                                                                              
  [38;2;170;170;170mTarget:[0m[38;2;232;232;232m   aws-prod[0m                                                                                
  [38;2;170;170;170mNativeID:[0m[38;2;232;232;232m arn:aws:s3:::old-logs[0m                                                                   
  [38;2;170;170;170mManaged:[0m[38;2;232;232;232m  no[0m                                                                                      
                                                                                                    
  [38;2;129;209;219mProperties:[0m                                                                                       
  [38;2;170;170;170m BucketName:[0m[38;2;232;232;232m old-logs[0m                                                                             
  [38;2;170;170;170m Tags:[0m[38;2;232;232;232m[0m                                                                                            
  [38;2;170;170;170m   Env:[0m[38;2;232;232;232m dev[0m                                                                                       
  [38;2;170;170;170m   Owner:[0m[38;2;232;232;232m ops[0m                                                                                     
                                                                                                    
                                                                                                    
                                                                                                    
                                                                                                    
                                                                                                    
[38;2;85;85;102m────────────────────────────────────────────────────────────────────────────────────────────────────[0m
  [1;38;2;129;209;219mesc[0m[38;2;153;153;153m: back to list[0m  [1;38;2;129;209;219mq[0m[38;2;153;153;153m: quit[0m                                                               [1;38;2;129;209;219m?[0m[38;2;153;153;153m: help[0m  