[1;38;2;232;232;232m  formae inventory                                                                                  [0m
[38;2;85;85;102m────────────────────────────────────────────────────────────────────────────────────────────────────[0m

  ← esc                                                                                             

  shared-retention (policy)                                                                         
  [38;2;85;85;102m──────────────────────────────────────────────────────────────────────────────────────────────────[0m
  Label: shared-retention                                                                           
  Type:  ttl                                                                                        
                                                                                                    
  Config:                                                                                           
   TTLSeconds: 86400                                                                                
                                                                                                    
  Attached stacks:                                                                                  
    - production                                                                                    
    - staging                                                                                       
    - network                                                                                       
                                                                                                    
                                                                                                    
                                                                                                    
                                                                                                    
                                                                                                    
[38;2;85;85;102m────────────────────────────────────────────────────────────────────────────────────────────────────[0m
  [1;38;2;129;209;219mesc[0m[38;2;153;153;153m: back to list[0m                                                                        [1;38;2;129;209;219m?[0m[38;2;153;153;153m: help[0m  