[1;38;2;232;232;232m  formae inventory                                                                                  [0m
[38;2;85;85;102m────────────────────────────────────────────────────────────────────────────────────────────────────[0m
  [38;2;129;209;219m[Resources][0m   Targets    Stacks    Policies                                                       
/: S3                                                                                               
[38;2;85;85;102m────────────────────────────────────────────────────────────────────────────────────────────────────[0m
[1;38;2;170;170;170mNativeID                    [0m[1;38;2;170;170;170mStack         [0m[1;38;2;170;170;170mType                    [0m[1;38;2;170;170;170mLabel               [0m
[38;2;85;85;102m────────────────────────────[0m[38;2;85;85;102m──────────────[0m[38;2;85;85;102m────────────────────────[0m[38;2;85;85;102m────────────────────[0m
[38;2;232;232;232;48;2;58;58;58m[38;2;232;232;232marn:aws:s3:::bucket-1       [0m[38;2;232;232;232mproduction    [0m[38;2;232;232;232mAWS::S3::Bucket         [0m[38;2;232;232;232mbucket-1            [0m[0m              
[38;2;232;232;232marn:aws:s3:::bucket-2       [0m[38;2;232;232;232mstaging       [0m[38;2;232;232;232mAWS::S3::Bucket         [0m[38;2;232;232;232mbucket-2            [0m              
[38;2;232;232;232marn:aws:s3:::bucket-3       [0m[38;2;232;232;232mnetwork       [0m[38;2;232;232;232mAWS::S3::Bucket         [0m[38;2;232;232;232mbucket-3            [0m              
                                                                                                    
                                                                                                    
                                                                                                    
                                                                                                    
                                                                                                    
                                                                                                    
                                                                                                    
                                                                                                    
                                                                                                    
                                                                                                    
                                                                                                    
Showing 3 of 3 resources (filtered)
[38;2;85;85;102m────────────────────────────────────────────────────────────────────────────────────────────────────[0m
  [1;38;2;129;209;219m↑↓/j/k[0m[38;2;153;153;153m: navigate[0m  [1;38;2;129;209;219menter[0m[38;2;153;153;153m: detail[0m  [1;38;2;129;209;219m/[0m[38;2;153;153;153m: search[0m  [1;38;2;129;209;219ms[0m[38;2;153;153;153m: sort[0m  [1;38;2;129;209;219mr[0m[38;2;153;153;153m: refresh[0m  [1;38;2;129;209;219m1-4[0m[38;2;153;153;153m: tab[0m  [1;38;2;129;209;219mq[0m[38;2;153;153;153m: quit[0m       [1;38;2;129;209;219m?[0m[38;2;153;153;153m: help[0m  