[1;38;2;170;170;170mNativeID                        [0m[1;38;2;170;170;170mStack         [0m[1;38;2;170;170;170mType                     [0m[1;38;2;170;170;170mLabel                [0m
[38;2;85;85;102m────────────────────────────────[0m[38;2;85;85;102m──────────────[0m[38;2;85;85;102m─────────────────────────[0m[38;2;85;85;102m─────────────────────[0m
[38;2;232;232;232;48;2;58;58;58m[38;2;232;232;232marn:aws:s3:::my-bucket          [0m[38;2;232;232;232mproduction    [0m[38;2;232;232;232mAWS::S3::Bucket          [0m[38;2;232;232;232mmy-bucket            [0m[0m        
[38;2;232;232;232mi-0abc123456789                 [0m[38;2;232;232;232mproduction    [0m[38;2;232;232;232mAWS::EC2::Instance       [0m[38;2;232;232;232mweb-1                [0m        
[38;2;232;232;232msg-0123456789ab                 [0m[38;2;232;232;232mproduction    [0m[38;2;232;232;232mAWS::EC2::SecurityGroup  [0m[38;2;232;232;232mweb-sg               [0m        
                                                                                                    
                                                                                                    
                                                                                                    
                                                                                                    
                                                                                                    
                                                                                                    
                                                                                                    
                                                                                                    
                                                                                                    
                                                                                                    
                                                                                                    
                                                                                                    
                                                                                                    
                                                                                                    
                                                                                                    
                                                                                                    
                                                                                                    
[38;2;153;153;153m─ ─ ─ ─ ─ ─ ─ ─ ─ ─ ─ ─ ─ ─ ─ ─ ─ ─ ─ ─ ─ ─ ─ ─ ─ ─ ─ ─ ─ ─ ─ ─ ─ ─ ─ ─ ─ ─ ─ ─ ─ ─ ─ ─ ─ ─ ─ ─ ─ ─ [0m
[38;2;153;153;153m7 more results not shown. Use /: search to filter.[0m
Showing 3 of 10 resources — refine your query to see more