[1;38;2;170;170;170m[0m[1;38;2;232;232;232mLabel ▲                 [0m[1;38;2;170;170;170mStack         Type                     NativeID                     [0m
[38;2;85;85;102m────────────────────────[0m[38;2;85;85;102m──────────────[0m[38;2;85;85;102m─────────────────────────[0m[38;2;85;85;102m─────────────────────────────[0m
[38;2;232;232;232;48;2;58;58;58m[38;2;232;232;232mapp-role                [0m[48;2;58;58;58m[38;2;232;232;232miam           [0m[48;2;58;58;58m[38;2;232;232;232mAWS::IAM::Role           [0m[48;2;58;58;58m[38;2;232;232;232marn:aws:iam:::role/app       [0m[48;2;58;58;58m[0m[48;2;58;58;58m        [0m
[38;2;232;232;232migw-main                [0m[38;2;232;232;232mnetwork       [0m[38;2;232;232;232mAWS::EC2::InternetGateway[0m[38;2;232;232;232migw-0abc123456789d           [0m        
[38;2;232;232;232mmy-bucket               [0m[38;2;232;232;232mproduction    [0m[38;2;232;232;232mAWS::S3::Bucket          [0m[38;2;232;232;232marn:aws:s3:::my-bucket       [0m        
                                                                                                    
                                                                                                    
                                                                                                    
                                                                                                    
                                                                                                    
                                                                                                    
                                                                                                    
                                                                                                    
                                                                                                    
                                                                                                    
                                                                                                    
                                                                                                    
                                                                                                    
                                                                                                    
                                                                                                    
                                                                                                    
                                                                                                    
[38;2;153;153;153m─ ─ ─ ─ ─ ─ ─ ─ ─ ─ ─ ─ ─ ─ ─ ─ ─ ─ ─ ─ ─ ─ ─ ─ ─ ─ ─ ─ ─ ─ ─ ─ ─ ─ ─ ─ ─ ─ ─ ─ ─ ─ ─ ─ ─ ─ ─ ─ ─ ─ [0m
[38;2;153;153;153m7 more results not shown. Use /: search to filter.[0m
Showing 3 of 10 resources — refine your query to see more