[1;38;2;232;232;232m  formae inventory                                                                                  [0m
[38;2;85;85;102m────────────────────────────────────────────────────────────────────────────────────────────────────[0m
  [38;2;153;153;153m← esc[0m                                                                                             
  [1;38;2;129;209;219mshared-retention (policy)[0m                                                                         
  [38;2;85;85;102m──────────────────────────────────────────────────────────────────────────────────────────────────[0m
  [38;2;170;170;170mLabel:[0m[38;2;232;232;232m shared-retention[0m                                                                           
  [38;2;170;170;170mType:[0m[38;2;232;232;232m  ttl[0m                                                                                        
                                                                                                    
  [38;2;129;209;219mConfig:[0m                                                                                           
  [38;2;170;170;170m TTLSeconds:[0m[38;2;232;232;232m 86400[0m                                                                                
                                                                                                    
  [38;2;129;209;219mAttached stacks:[0m                                                                                  
    - production                                                                                    
    - staging                                                                                       
    - network                                                                                       
                                                                                                    
                                                                                                    
                                                                                                    
                                                                                                    
                                                                                                    
                                                                                                    
                                                                                                    
[38;2;85;85;102m────────────────────────────────────────────────────────────────────────────────────────────────────[0m
  [1;38;2;129;209;219mesc[0m[38;2;153;153;153m: back to list[0m                                                                        [1;38;2;129;209;219m?[0m[38;2;153;153;153m: help[0m  