[1;38;2;232;232;232m  formae inventory                                                                                  [0m
[38;2;85;85;102m────────────────────────────────────────────────────────────────────────────────────────────────────[0m

  ← esc                                                                                             

  old-logs (AWS::S3::Bucket)                                                                        
  [38;2;85;85;102m──────────────────────────────────────────────────────────────────────────────────────────────────[0m
Label:    old-logs                                                                                  
Type:     AWS::S3::Bucket                                                                           
Stack:    unmanaged                                                                                 
Target:   aws-prod                                                                                  
NativeID: arn:aws:s3:::old-logs                                                                     
Managed:  no                                                                                        
                                                                                                    
Properties:                                                                                         
 BucketName: old-logs                                                                               
 Tags:                                                                                              
   Env: dev                                                                                         
   Owner: ops                                                                                       
                                                                                                    
                                                                                                    
                                                                                                    
[38;2;85;85;102m────────────────────────────────────────────────────────────────────────────────────────────────────[0m
  [1;38;2;96;165;250mesc[0m[38;2;85;85;85m: back to list[0m                                                                        [1;38;2;96;165;250m?[0m[38;2;85;85;85m: help[0m  