[1;38;2;232;232;232m  formae inventory                                                                                  [0m
[38;2;85;85;102m────────────────────────────────────────────────────────────────────────────────────────────────────[0m
                [38;2;129;209;219m╭───────────╮[0m                                                                       
 [38;2;170;170;170m 1 Resources [0m  [38;2;129;209;219m│[0m[1;38;2;129;209;219m 2 Targets [0m[38;2;129;209;219m│[0m  [38;2;170;170;170m 3 Stacks [0m  [38;2;170;170;170m 4 Policies [0m                                             
[38;2;129;209;219m────────────────╯           ╰───────────────────────────────────────────────────────────────────────[0m

[1;38;2;170;170;170m[0m[1;38;2;232;232;232mLabel               [0m[1;38;2;170;170;170mNamespace           Discoverable  [0m
[38;2;85;85;102m────────────────────[0m[38;2;85;85;102m────────────────────[0m[38;2;85;85;102m──────────────[0m
[38;2;232;232;232;48;2;58;58;58m[38;2;232;232;232maws-prod            [0m[38;2;232;232;232mAWS                 [0m[38;2;232;232;232m[38;2;129;209;219myes[0m           [0m[0m                                              
[38;2;232;232;232mdev                 [0m[38;2;232;232;232mAzure               [0m[38;2;232;232;232mno            [0m                                              
                                                                                                    
                                                                                                    
                                                                                                    
                                                                                                    
                                                                                                    
                                                                                                    
                                                                                                    
                                                                                                    
                                                                                                    
Showing 2 of 2 targets
[38;2;85;85;102m────────────────────────────────────────────────────────────────────────────────────────────────────[0m
  [38;2;153;153;153m/: query[0m                                                                                          
[38;2;85;85;102m────────────────────────────────────────────────────────────────────────────────────────────────────[0m
  [1;38;2;129;209;219m↑↓/j/k[0m[38;2;153;153;153m: navigate[0m  [1;38;2;129;209;219menter[0m[38;2;153;153;153m: detail[0m  [1;38;2;129;209;219m/[0m[38;2;153;153;153m: search[0m  [1;38;2;129;209;219ms[0m[38;2;153;153;153m: sort[0m  [1;38;2;129;209;219mr[0m[38;2;153;153;153m: refresh[0m  [1;38;2;129;209;219m1-4[0m[38;2;153;153;153m: tab[0m  [1;38;2;129;209;219mq[0m[38;2;153;153;153m: quit[0m       [1;38;2;129;209;219m?[0m[38;2;153;153;153m: help[0m  