[1;38;2;232;232;232m  formae inventory            [0m
[38;2;51;51;85m──────────────────────────────[0m
  [38;2;96;165;250m[Resource…
[1;38;2;136;136;136mLabel               [0m
[38;2;51;51;85m────────────────────[0m
[38;2;232;232;232;48;2;58;58;58m[38;2;232;232;232mmy-bucket           [0m[0m          
[38;2;232;232;232mweb-1               [0m          
[38;2;232;232;232mold-logs            [0m          
                              
                              
                              
                              
                              
                              
                              
                              
                              
                              
                              
                              
                              
                              
[38;2;51;51;85m──────────────────────────────[0m
  [38;2;85;85;85mShowing 3 of 3 · ↑↓ enter /[m 