[1;38;2;232;232;232m  formae inventory                                                                                  [0m
[38;2;51;51;85m────────────────────────────────────────────────────────────────────────────────────────────────────[0m
  [38;2;96;165;250m[Resources][0m   Targets    Stacks    Policies                                                       
[1;38;2;136;136;136mNativeID                    [0m[1;38;2;136;136;136mStack         [0m[1;38;2;136;136;136mType                    [0m[1;38;2;136;136;136mLabel               [0m
[38;2;51;51;85m────────────────────────────[0m[38;2;51;51;85m──────────────[0m[38;2;51;51;85m────────────────────────[0m[38;2;51;51;85m────────────────────[0m
[38;2;232;232;232;48;2;58;58;58m[38;2;232;232;232marn:aws:s3:::my-bucket      [0m[38;2;232;232;232mproduction    [0m[38;2;232;232;232mAWS::S3::Bucket         [0m[38;2;232;232;232mmy-bucket           [0m[0m              
[38;2;232;232;232mi-0abc123456789             [0m[38;2;232;232;232mproduction    [0m[38;2;232;232;232mAWS::EC2::Instance      [0m[38;2;232;232;232mweb-1               [0m              
[38;2;232;232;232marn:aws:s3:::old-logs       [0m[38;2;232;232;232m[1;38;2;248;113;113m⚠ unmanaged[0m   [0m[38;2;232;232;232mAWS::S3::Bucket         [0m[38;2;232;232;232mold-logs            [0m              
                                                                                                    
                                                                                                    
                                                                                                    
                                                                                                    
                                                                                                    
                                                                                                    
                                                                                                    
                                                                                                    
                                                                                                    
                                                                                                    
                                                                                                    
                                                                                                    
                                                                                                    
Showing 3 of 3 resources
[38;2;51;51;85m────────────────────────────────────────────────────────────────────────────────────────────────────[0m
  [1;38;2;96;165;250m↑↓/j/k[0m[38;2;85;85;85m: navigate[0m  [1;38;2;96;165;250menter[0m[38;2;85;85;85m: detail[0m  [1;38;2;96;165;250m/[0m[38;2;85;85;85m: search[0m  [1;38;2;96;165;250ms[0m[38;2;85;85;85m: sort[0m  [1;38;2;96;165;250mr[0m[38;2;85;85;85m: refresh[0m  [1;38;2;96;165;250m1-4[0m[38;2;85;85;85m: tab[0m  [1;38;2;96;165;250mq[0m[38;2;85;85;85m: quit[0m       [1;38;2;96;165;250m?[0m[38;2;85;85;85m: help[0m  