[1;38;2;232;232;232m  formae inventory                                      [0m
[38;2;85;85;102m────────────────────────────────────────────────────────[0m
  [38;2;96;165;250m[Resources][0m   Targets    Stacks    Policies           
[1;38;2;136;136;136mType                    [0m[1;38;2;136;136;136mLabel               [0m
[38;2;85;85;102m────────────────────────[0m[38;2;85;85;102m────────────────────[0m
[38;2;232;232;232;48;2;58;58;58m[38;2;232;232;232mAWS::S3::Bucket         [0m[38;2;232;232;232mmy-bucket           [0m[0m            
[38;2;232;232;232mAWS::EC2::Instance      [0m[38;2;232;232;232mweb-1               [0m            
[38;2;232;232;232mAWS::EC2::Instance      [0m[38;2;232;232;232mweb-2               [0m            
[38;2;232;232;232mAWS::S3::Bucket         [0m[38;2;232;232;232mlogs                [0m            
                                                        
                                                        
                                                        
                                                        
                                                        
                                                        
                                                        
                                                        
                                                        
                                                        
                                                        
                                                        
                                                        
[38;2;85;85;102m────────────────────────────────────────────────────────[0m
  [38;2;85;85;85mShowing 4 of 4 · ↑↓ enter / s q[0m                       