[1;38;2;232;232;232m  formae inventory                                                                                  [0m
[38;2;85;85;102m────────────────────────────────────────────────────────────────────────────────────────────────────[0m
  [38;2;153;153;153m← esc[0m                                                                                             
  [1;38;2;129;209;219mmy-stack (stack)[0m                                                                                  
  [38;2;85;85;102m──────────────────────────────────────────────────────────────────────────────────────────────────[0m
  [38;2;170;170;170mLabel:[0m[38;2;232;232;232m       my-stack[0m                                                                             
  [38;2;170;170;170mDescription:[0m[38;2;232;232;232m test stack[0m                                                                           
  [38;2;170;170;170mCreatedAt:[0m[38;2;232;232;232m   2026-01-01T00:00:00Z[0m                                                                 
                                                                                                    
  [38;2;129;209;219mPolicies:[0m                                                                                         
  [38;2;170;170;170m  → policy:[0m[38;2;232;232;232m shared-retention[0m                                                                      
                                                                                                    
                                                                                                    
                                                                                                    
                                                                                                    
                                                                                                    
                                                                                                    
                                                                                                    
                                                                                                    
                                                                                                    
                                                                                                    
                                                                                                    
[38;2;85;85;102m────────────────────────────────────────────────────────────────────────────────────────────────────[0m
  [1;38;2;129;209;219mesc[0m[38;2;153;153;153m: back to list[0m  [1;38;2;129;209;219mq[0m[38;2;153;153;153m: quit[0m                                                               [1;38;2;129;209;219m?[0m[38;2;153;153;153m: help[0m  