[38;2;248;113;113m╭─[0m[1;38;2;248;113;113m Error [0m[38;2;248;113;113m──────────────────────────────────────────────────────────────────────────────────────────╮[0m
[38;2;248;113;113m│[0m                                                                                                  [38;2;248;113;113m│[0m
[38;2;248;113;113m│[0m [38;2;232;232;232mconnection refused: agent unreachable[0m                                                            [38;2;248;113;113m│[0m
[38;2;248;113;113m│[0m                                                                                                  [38;2;248;113;113m│[0m
[38;2;248;113;113m╰──────────────────────────────────────────────────────────────────────────────────────────────────╯[0m
[38;2;85;85;85mr: retry[0m


















Showing 0 of 0 resources