[1;38;2;232;232;232m  formae inventory                                                                                  [0m
[38;2;85;85;102m────────────────────────────────────────────────────────────────────────────────────────────────────[0m
                              [38;2;85;85;102m╭─────────────────────────────────────╮[0m                               
                              [38;2;85;85;102m│[0m                                     [38;2;85;85;102m│[0m                               
                              [38;2;85;85;102m│[0m   [1;38;2;232;232;232mKeybindings[0m                       [38;2;85;85;102m│[0m                               
                              [38;2;85;85;102m│[0m  [1;38;2;232;232;232mNavigate[0m                           [38;2;85;85;102m│[0m                               
                              [38;2;85;85;102m│[0m    [38;2;96;165;250m↑↓ / j k[0m        — [38;2;170;170;170mnavigate[0m       [38;2;85;85;102m│[0m                               
                              [38;2;85;85;102m│[0m    [38;2;96;165;250mctrl-d / ctrl-u[0m — [38;2;170;170;170mscroll detail[0m  [38;2;85;85;102m│[0m                               
                              [38;2;85;85;102m│[0m    [38;2;96;165;250m1-4 / tab[0m       — [38;2;170;170;170mswitch tab[0m     [38;2;85;85;102m│[0m                               
                              [38;2;85;85;102m│[0m                                     [38;2;85;85;102m│[0m                               
                              [38;2;85;85;102m│[0m  [1;38;2;232;232;232mActions[0m                            [38;2;85;85;102m│[0m                               
                              [38;2;85;85;102m│[0m    [38;2;96;165;250menter[0m           — [38;2;170;170;170mdetail[0m         [38;2;85;85;102m│[0m                               
                              [38;2;85;85;102m│[0m    [38;2;96;165;250m/[0m               — [38;2;170;170;170msearch[0m         [38;2;85;85;102m│[0m                               
                              [38;2;85;85;102m│[0m    [38;2;96;165;250ms[0m               — [38;2;170;170;170msort[0m           [38;2;85;85;102m│[0m                               
                              [38;2;85;85;102m│[0m    [38;2;96;165;250mr[0m               — [38;2;170;170;170mrefresh[0m        [38;2;85;85;102m│[0m                               
                              [38;2;85;85;102m│[0m                                     [38;2;85;85;102m│[0m                               
                              [38;2;85;85;102m│[0m  [1;38;2;232;232;232mGeneral[0m                            [38;2;85;85;102m│[0m                               
                              [38;2;85;85;102m│[0m    [38;2;96;165;250mesc[0m             — [38;2;170;170;170mback[0m           [38;2;85;85;102m│[0m                               
                              [38;2;85;85;102m│[0m    [38;2;96;165;250mq[0m               — [38;2;170;170;170mquit[0m           [38;2;85;85;102m│[0m                               
                              [38;2;85;85;102m│[0m    [38;2;96;165;250m?[0m               — [38;2;170;170;170mclose help[0m     [38;2;85;85;102m│[0m                               
                              [38;2;85;85;102m│[0m                                     [38;2;85;85;102m│[0m                               
                              [38;2;85;85;102m╰─────────────────────────────────────╯[0m                               
[38;2;85;85;102m────────────────────────────────────────────────────────────────────────────────────────────────────[0m
  [1;38;2;96;165;250m↑↓/j/k[0m[38;2;85;85;85m: navigate[0m  [1;38;2;96;165;250menter[0m[38;2;85;85;85m: detail[0m  [1;38;2;96;165;250m/[0m[38;2;85;85;85m: search[0m  [1;38;2;96;165;250ms[0m[38;2;85;85;85m: sort[0m  [1;38;2;96;165;250mr[0m[38;2;85;85;85m: refresh[0m  [1;38;2;96;165;250m1-4[0m[38;2;85;85;85m: tab[0m  [1;38;2;96;165;250mq[0m[38;2;85;85;85m: quit[0m       [1;38;2;96;165;250m?[0m[38;2;85;85;85m: help[0m  