  [1;38;2;232;232;232mformae[0m [1;38;2;255;133;51minventory[0m                                                                                  
[38;2;85;85;102m────────────────────────────────────────────────────────────────────────────────────────────────────[0m
  [1;38;2;129;209;219mlifeline-alb-sg (AWS::EC2::SecurityGroup)[0m                                                         
  [38;2;85;85;102m──────────────────────────────────────────────────────────────────────────────────────────────────[0m
  [38;2;170;170;170mLabel:[0m[38;2;232;232;232m    lifeline-alb-sg[0m                                                                         
  [38;2;170;170;170mType:[0m[38;2;232;232;232m     AWS::EC2::SecurityGroup[0m                                                                 
  [38;2;170;170;170mStack:[0m[38;2;232;232;232m    lifeline-fresh[0m                                                                          
  [38;2;170;170;170mTarget:[0m[38;2;232;232;232m   aws-target[0m                                                                              
  [38;2;170;170;170mNativeID:[0m[38;2;232;232;232m sg-09ac96a367d79de3d[0m                                                                    
  [38;2;170;170;170mManaged:[0m[38;2;232;232;232m  yes[0m                                                                                     
                                                                                                    
  [38;2;129;209;219mProperties:[0m                                                                                       
  [38;2;170;170;170m GroupDescription:[0m[38;2;232;232;232m Allow HTTP traffic to ALB[0m                                                      
  [38;2;170;170;170m GroupId:[0m[38;2;232;232;232m sg-09ac96a367d79de3d[0m                                                                    
  [38;2;170;170;170m Secret:[0m[38;2;232;232;232m ••••••••[0m                                                                                 
  [38;2;170;170;170m Tags:[0m[38;2;232;232;232m[0m                                                                                            
  [38;2;170;170;170m   - Name:[0m[38;2;232;232;232m lifeline-alb-sg[0m                                                                        
  [38;2;170;170;170m VpcId:[0m[38;2;232;232;232m vpc-0b5e088737f3ba535  → lifeline-vpc.VpcId[0m                                               
                                                                                                    
                                                                                                    
                                                                                                    
                                                                                                    
[38;2;85;85;102m────────────────────────────────────────────────────────────────────────────────────────────────────[0m
  [1;38;2;129;209;219mesc[0m[38;2;153;153;153m: back to list[0m  [1;38;2;129;209;219mq[0m[38;2;153;153;153m: quit[0m                                                               [1;38;2;129;209;219m?[0m[38;2;153;153;153m: help[0m  