[1;38;2;232;232;232m  formae inventory                                                                                  [0m
[38;2;85;85;102m────────────────────────────────────────────────────────────────────────────────────────────────────[0m

  ← esc                                                                                             

  my-stack (stack)                                                                                  
  [38;2;85;85;102m──────────────────────────────────────────────────────────────────────────────────────────────────[0m
Label:       my-stack                                                                               
Description: test stack                                                                             
CreatedAt:   2026-01-01T00:00:00Z                                                                   
                                                                                                    
Policies:                                                                                           
  → policy: shared-retention                                                                        
                                                                                                    
                                                                                                    
                                                                                                    
                                                                                                    
                                                                                                    
                                                                                                    
                                                                                                    
                                                                                                    
                                                                                                    
[38;2;85;85;102m────────────────────────────────────────────────────────────────────────────────────────────────────[0m
  [1;38;2;129;209;219mesc[0m[38;2;153;153;153m: back to list[0m                                                                        [1;38;2;129;209;219m?[0m[38;2;153;153;153m: help[0m  