{"ChangesRequired":true,"Command":{"CommandId":"pin-cmd-001","Command":"apply","Mode":"reconcile","State":"","StartTs":"0001-01-01T00:00:00Z","EndTs":"0001-01-01T00:00:00Z","ResourceUpdates":[{"ResourceId":"r1","ResourceType":"AWS::S3::Bucket","ResourceLabel":"my-bucket","StackName":"default","Operation":"create","State":""},{"ResourceId":"r2","ResourceType":"AWS::SQS::Queue","ResourceLabel":"old-queue","StackName":"default","Operation":"delete","State":""}]}}
