[38;2;248;113;113m╭─[0m[1;38;2;248;113;113m Resources Not Found [0m[38;2;248;113;113m──────────────────────────────────────────────────────╮[0m
[38;2;248;113;113m│[0m                                                                            [38;2;248;113;113m│[0m
[38;2;248;113;113m│[0m [38;2;232;232;232mThe forma references resources that do not exist:[0m                          [38;2;248;113;113m│[0m
[38;2;248;113;113m│[0m                                                                            [38;2;248;113;113m│[0m
[38;2;248;113;113m│[0m   [38;2;129;209;219mformae://my-vpc.SubnetId[0m                                                 [38;2;248;113;113m│[0m
[38;2;248;113;113m│[0m     Referenced by: web-1 (AWS::EC2::Instance)                              [38;2;248;113;113m│[0m
[38;2;248;113;113m│[0m                                                                            [38;2;248;113;113m│[0m
[38;2;248;113;113m│[0m [38;2;170;170;170mEnsure the referenced resources exist or are defined in the forma.[0m         [38;2;248;113;113m│[0m
[38;2;248;113;113m│[0m                                                                            [38;2;248;113;113m│[0m
[38;2;248;113;113m╰────────────────────────────────────────────────────────────────────────────╯[0m