[1;38;2;136;136;136mLabel               [0m[1;38;2;136;136;136mType                    [0m[1;38;2;136;136;136mStack         [0m[1;38;2;136;136;136mState     [0m
[38;2;51;51;85m────────────────────[0m[38;2;51;51;85m────────────────────────[0m[38;2;51;51;85m──────────────[0m[38;2;51;51;85m──────────[0m
[38;2;232;232;232;48;2;58;58;58m[38;2;232;232;232mweb-1               [0m[38;2;232;232;232mAWS::EC2::Instance      [0m[38;2;232;232;232mproduction    [0m[38;2;232;232;232mDone      [0m[0m            
[38;2;232;232;232mapi-db              [0m[38;2;232;232;232mAWS::RDS::DBInstance    [0m[38;2;232;232;232mproduction    [0m[38;2;232;232;232mFailed    [0m            
[38;2;232;232;232mmy-bucket           [0m[38;2;232;232;232mAWS::S3::Bucket         [0m[38;2;232;232;232mstaging       [0m[38;2;232;232;232mDone      [0m            
                                                                                
                                                                                
                                                                                
                                                                                
                                                                                