[48;2;58;58;58m  ▸ [38;2;232;232;232mTargets[0m [38;2;136;136;136m(2)[0m                                                       [38;2;136;136;136m2/2 Done[0m  [0m
  ▸ [38;2;232;232;232mStacks[0m [38;2;136;136;136m(3)[0m                                                        [38;2;136;136;136m3/3 Done[0m  
  ▾ [38;2;232;232;232mResources[0m [38;2;136;136;136m(192)[0m                                                             
    ▸ [38;2;232;232;232mCreates[0m [38;2;136;136;136m(150)[0m                                                    [38;2;136;136;136m140/150[0m  
    ▸ [38;2;232;232;232mUpdates[0m [38;2;136;136;136m(35)[0m                                                        [38;2;136;136;136m0/35[0m  
    ▾ [38;2;232;232;232mDeletes[0m [38;2;136;136;136m(7)[0m                                                               
      line                                                                      
      line                                                                      
      line                                                                      
      line                                                                      
      line                                                                      
      ✗ delete old-data                                                         
      ⊘ delete legacy-3                                                         
  ▸ [38;2;232;232;232mPolicies[0m [38;2;136;136;136m(3)[0m                                                      [38;2;136;136;136m2/3 Done[0m  
                                                                                
                                                                                
                                                                                
                                                                                
                                                                                
                                                                                
                                                                                
                                                                                
                                                                                
                                                                                