[1;38;2;232;232;232m  ← esc                                                                 ↻ live  [0m
[38;2;85;85;102m────────────────────────────────────────────────────────────────────────────────[0m
[38;2;85;85;102m────────────────────────────────────────────────────────────────────────────────[0m
  [1;38;2;129;209;219md[0m[38;2;153;153;153m: detail[0m  [1;38;2;129;209;219m/[0m[38;2;153;153;153m: search[0m                                                 [1;38;2;129;209;219m?[0m[38;2;153;153;153m: help[0m  