[1;38;2;232;232;232m  ← esc                                                                 ↻ live  [0m
[38;2;85;85;102m────────────────────────────────────────────────────────────────────────────────[0m
[38;2;85;85;102m────────────────────────────────────────────────────────────────────────────────[0m
  [1;38;2;96;165;250md[0m[38;2;85;85;85m: detail[0m  [1;38;2;96;165;250m/[0m[38;2;85;85;85m: search[0m                                                 [1;38;2;96;165;250m?[0m[38;2;85;85;85m: help[0m  