                                                                                                                        
                                                                                                                        
                                                                                                                        
                                                                                                                        
                                                                                                                        
                                                                                                                        
                                                                                                                        
                                                                                                                        
                                                                                                                        
                                                                                                                        
                                             [38;2;85;85;102m╭────────────────────────────╮[0m                                             
                                             [38;2;85;85;102m│[0m                            [38;2;85;85;102m│[0m                                             
                                             [38;2;85;85;102m│[0m   [1;38;2;232;232;232mKeybindings[0m              [38;2;85;85;102m│[0m                                             
                                             [38;2;85;85;102m│[0m  [1;38;2;232;232;232mNavigate[0m                  [38;2;85;85;102m│[0m                                             
                                             [38;2;85;85;102m│[0m    [38;2;129;209;219m↑↓ / j k[0m  — [38;2;170;170;170mselect[0m      [38;2;85;85;102m│[0m                                             
                                             [38;2;85;85;102m│[0m    [38;2;129;209;219mPgUp/PgDn[0m — [38;2;170;170;170mpage[0m        [38;2;85;85;102m│[0m                                             
                                             [38;2;85;85;102m│[0m    [38;2;129;209;219m→ ← / h l[0m — [38;2;170;170;170mcolumn[0m      [38;2;85;85;102m│[0m                                             
                                             [38;2;85;85;102m│[0m                            [38;2;85;85;102m│[0m                                             
                                             [38;2;85;85;102m│[0m  [1;38;2;232;232;232mActions[0m                   [38;2;85;85;102m│[0m                                             
                                             [38;2;85;85;102m│[0m    [38;2;129;209;219menter[0m     — [38;2;170;170;170mdetails[0m     [38;2;85;85;102m│[0m                                             
                                             [38;2;85;85;102m│[0m    [38;2;129;209;219mspace[0m     — [38;2;170;170;170mexpand[0m      [38;2;85;85;102m│[0m                                             
                                             [38;2;85;85;102m│[0m    [38;2;129;209;219m/[0m         — [38;2;170;170;170msearch[0m      [38;2;85;85;102m│[0m                                             
                                             [38;2;85;85;102m│[0m                            [38;2;85;85;102m│[0m                                             
                                             [38;2;85;85;102m│[0m  [1;38;2;232;232;232mGeneral[0m                   [38;2;85;85;102m│[0m                                             
                                             [38;2;85;85;102m│[0m    [38;2;129;209;219mesc[0m       — [38;2;170;170;170mback[0m        [38;2;85;85;102m│[0m                                             
                                             [38;2;85;85;102m│[0m    [38;2;129;209;219mq[0m         — [38;2;170;170;170mquit[0m        [38;2;85;85;102m│[0m                                             
                                             [38;2;85;85;102m│[0m    [38;2;129;209;219m?[0m         — [38;2;170;170;170mclose help[0m  [38;2;85;85;102m│[0m                                             
                                             [38;2;85;85;102m│[0m                            [38;2;85;85;102m│[0m                                             
                                             [38;2;85;85;102m╰────────────────────────────╯[0m                                             
                                                                                                                        
                                                                                                                        
                                                                                                                        
                                                                                                                        
                                                                                                                        
                                                                                                                        
                                                                                                                        
                                                                                                                        
                                                                                                                        
                                                                                                                        
                                                                                                                        