                                                                                                                        
                                                                                                                        
                                                                                                                        
                                                                                                                        
                                                                                                                        
                                                                                                                        
                                                                                                                        
                                                                                                                        
                                                                                                                        
                                                                                                                        
                                             [38;2;51;51;85m╭────────────────────────────╮[0m                                             
                                             [38;2;51;51;85m│[0m                            [38;2;51;51;85m│[0m                                             
                                             [38;2;51;51;85m│[0m   [1;38;2;232;232;232mKeybindings[0m              [38;2;51;51;85m│[0m                                             
                                             [38;2;51;51;85m│[0m  [1;38;2;232;232;232mNavigate[0m                  [38;2;51;51;85m│[0m                                             
                                             [38;2;51;51;85m│[0m    [38;2;96;165;250m↑↓ / j k[0m  — [38;2;136;136;136mselect[0m      [38;2;51;51;85m│[0m                                             
                                             [38;2;51;51;85m│[0m    [38;2;96;165;250mPgUp/PgDn[0m — [38;2;136;136;136mpage[0m        [38;2;51;51;85m│[0m                                             
                                             [38;2;51;51;85m│[0m    [38;2;96;165;250m→ ← / h l[0m — [38;2;136;136;136mcolumn[0m      [38;2;51;51;85m│[0m                                             
                                             [38;2;51;51;85m│[0m                            [38;2;51;51;85m│[0m                                             
                                             [38;2;51;51;85m│[0m  [1;38;2;232;232;232mActions[0m                   [38;2;51;51;85m│[0m                                             
                                             [38;2;51;51;85m│[0m    [38;2;96;165;250menter[0m     — [38;2;136;136;136mdetails[0m     [38;2;51;51;85m│[0m                                             
                                             [38;2;51;51;85m│[0m    [38;2;96;165;250mspace[0m     — [38;2;136;136;136mexpand[0m      [38;2;51;51;85m│[0m                                             
                                             [38;2;51;51;85m│[0m    [38;2;96;165;250m/[0m         — [38;2;136;136;136msearch[0m      [38;2;51;51;85m│[0m                                             
                                             [38;2;51;51;85m│[0m                            [38;2;51;51;85m│[0m                                             
                                             [38;2;51;51;85m│[0m  [1;38;2;232;232;232mGeneral[0m                   [38;2;51;51;85m│[0m                                             
                                             [38;2;51;51;85m│[0m    [38;2;96;165;250mesc[0m       — [38;2;136;136;136mback[0m        [38;2;51;51;85m│[0m                                             
                                             [38;2;51;51;85m│[0m    [38;2;96;165;250mq[0m         — [38;2;136;136;136mquit[0m        [38;2;51;51;85m│[0m                                             
                                             [38;2;51;51;85m│[0m    [38;2;96;165;250m?[0m         — [38;2;136;136;136mclose help[0m  [38;2;51;51;85m│[0m                                             
                                             [38;2;51;51;85m│[0m                            [38;2;51;51;85m│[0m                                             
                                             [38;2;51;51;85m╰────────────────────────────╯[0m                                             
                                                                                                                        
                                                                                                                        
                                                                                                                        
                                                                                                                        
                                                                                                                        
                                                                                                                        
                                                                                                                        
                                                                                                                        
                                                                                                                        
                                                                                                                        
                                                                                                                        