[38;2;181;181;91mtarget 'aws-staging' already exists.[0m
[38;2;181;181;91m[0m                                    
[38;2;181;181;91m[0m                                    [38;2;181;181;91mPlease use a different target label in your forma file.[0m
[38;2;181;181;91m[0m                                                       