[1;38;2;170;170;170mLabel               [0m[1;38;2;170;170;170mDescription                             [0m[1;38;2;170;170;170mPolicies                      [0m
[38;2;85;85;102m────────────────────[0m[38;2;85;85;102m────────────────────────────────────────[0m[38;2;85;85;102m──────────────────────────────[0m
[38;2;232;232;232;48;2;58;58;58m[38;2;232;232;232mprod                [0m[38;2;232;232;232mProduction stack                        [0m[38;2;232;232;232mTTL: 2h, expires in 0m        [0m[0m                              
[38;2;232;232;232mstaging             [0m[38;2;232;232;232mStaging stack                           [0m[38;2;232;232;232mnone                          [0m                              
[38;2;232;232;232mexpired-stack       [0m[38;2;232;232;232mStack with expired TTL                  [0m[38;2;232;232;232mTTL: 2h (expired)             [0m                              
                                                                                                                        
                                                                                                                        
                                                                                                                        
[38;2;153;153;153mShowing 3 of 3 total stacks[0m
