{"Resources":[{"Label":"prod-bucket","Type":"AWS::S3::Bucket","Stack":"prod","Target":"aws-us-east-1","Schema":{"Identifier":"","Fields":null,"Hints":null,"Discoverable":false,"Extractable":false,"Portable":false,"Parent":"","ParentMappings":null},"Properties":null,"NativeID":"arn:aws:s3:::prod-bucket","Managed":true},{"Label":"orphan-queue","Type":"AWS::SQS::Queue","Stack":"unmanaged","Target":"aws-us-east-1","Schema":{"Identifier":"","Fields":null,"Hints":null,"Discoverable":false,"Extractable":false,"Portable":false,"Parent":"","ParentMappings":null},"Properties":null,"NativeID":"https://sqs.us-east-1.amazonaws.com/123/orphan-queue"},{"Label":"staging-fn","Type":"AWS::Lambda::Function","Stack":"staging","Target":"aws-eu-west-1","Schema":{"Identifier":"","Fields":null,"Hints":null,"Discoverable":false,"Extractable":false,"Portable":false,"Parent":"","ParentMappings":null},"Properties":null,"NativeID":"arn:aws:lambda:eu-west-1:123:function:staging-fn","Managed":true}]}
