[1;38;2;170;170;170mLabel               [0m[1;38;2;170;170;170mType                [0m[1;38;2;170;170;170mConfig                                  [0m[1;38;2;170;170;170mAttachedStacks                [0m
[38;2;85;85;102m────────────────────[0m[38;2;85;85;102m────────────────────[0m[38;2;85;85;102m────────────────────────────────────────[0m[38;2;85;85;102m──────────────────────────────[0m
[38;2;232;232;232;48;2;58;58;58m[38;2;232;232;232mglobal-ttl          [0m[38;2;232;232;232mttl                 [0m[38;2;232;232;232mTTLSeconds: 86400, Type: ttl            [0m[38;2;232;232;232mprod, staging                 [0m[0m          
[38;2;232;232;232mglobal-recon        [0m[38;2;232;232;232mauto-reconcile      [0m[38;2;232;232;232mIntervalSeconds: 3600, Type: auto-recon…[0m[38;2;232;232;232mstaging                       [0m          
[38;2;232;232;232mstandalone-policy   [0m[38;2;232;232;232mttl                 [0m[38;2;232;232;232mTTLSeconds: 86400, Type: ttl            [0m[38;2;232;232;232mnone                          [0m          
                                                                                                                        
                                                                                                                        
                                                                                                                        
[38;2;85;85;85mShowing 3 of 3 total policies[0m
