[1;38;2;170;170;170mLabel               [0m[1;38;2;170;170;170mNamespace           [0m[1;38;2;170;170;170mDiscoverable  [0m[1;38;2;170;170;170mConfig                                  [0m
[38;2;85;85;102m────────────────────[0m[38;2;85;85;102m────────────────────[0m[38;2;85;85;102m──────────────[0m[38;2;85;85;102m────────────────────────────────────────[0m
[38;2;232;232;232;48;2;58;58;58m[38;2;232;232;232maws-us-east-1       [0m[38;2;232;232;232mAWS                 [0m[38;2;232;232;232m[38;2;129;209;219myes[0m           [0m[38;2;232;232;232m                                        [0m[0m                          
[38;2;232;232;232maws-eu-west-1       [0m[38;2;232;232;232mAWS                 [0m[38;2;232;232;232mno            [0m[38;2;232;232;232m                                        [0m                          
[38;2;232;232;232mtailscale-main      [0m[38;2;232;232;232mtailscale           [0m[38;2;232;232;232mno            [0m[38;2;232;232;232m                                        [0m                          
                                                                                                                        
                                                                                                                        
                                                                                                                        
[38;2;153;153;153mShowing 3 of 3 total targets[0m
