[1;38;2;136;136;136mNativeID                    [0m[1;38;2;136;136;136mStack         [0m[1;38;2;136;136;136mType                    [0m[1;38;2;136;136;136mLabel               [0m
[38;2;51;51;85m────────────────────────────[0m[38;2;51;51;85m──────────────[0m[38;2;51;51;85m────────────────────────[0m[38;2;51;51;85m────────────────────[0m
[38;2;232;232;232;48;2;58;58;58m[38;2;232;232;232marn:aws:s3:::prod-bucket    [0m[38;2;232;232;232mprod          [0m[38;2;232;232;232mAWS::S3::Bucket         [0m[38;2;232;232;232mprod-bucket         [0m[0m                                  
[38;2;232;232;232mhttps://sqs.us-east-1.amazo…[0m[38;2;232;232;232m[1;38;2;248;113;113m⚠ unmanaged[0m   [0m[38;2;232;232;232mAWS::SQS::Queue         [0m[38;2;232;232;232morphan-queue        [0m                                  
[38;2;232;232;232marn:aws:lambda:eu-west-1:12…[0m[38;2;232;232;232mstaging       [0m[38;2;232;232;232mAWS::Lambda::Function   [0m[38;2;232;232;232mstaging-fn          [0m                                  
                                                                                                                        
                                                                                                                        
                                                                                                                        
[38;2;85;85;85mShowing 3 of 3 total resources[0m
