  [1;38;2;232;232;232mformae[0m [1;38;2;255;133;51mapply[0m                                                                  [1;38;2;248;113;113mreconcile rejected[0m  
[38;2;85;85;102m────────────────────────────────────────────────────────────────────────────────────────────────────[0m

  [38;2;248;113;113mYour infrastructure changed outside formae since the last reconcile.[0m

  [38;2;170;170;170mKeep a change: extract the resource, fold it into your code, then re-apply.[0m
  [38;2;170;170;170mTo accept a deletion, remove that resource from your code, or the next apply[0m
  [38;2;170;170;170mrecreates it.[0m
  [38;2;170;170;170mPress [0m[1;38;2;129;209;219mr[0m[38;2;170;170;170m to discard all out-of-band changes and re-apply your code with --force.[0m

                                                                                                    
  [1;38;2;232;232;232mStack: production[0m [38;2;153;153;153m(3 changes)[0m                                                                     
  [38;2;85;85;102m──────────────────────────────────────────────────────────[0m                                        
[38;2;232;232;232;48;2;58;58;58m  ▾ [x] [0m[38;2;232;232;232;48;2;58;58;58mupdate[0m[38;2;232;232;232;48;2;58;58;58m  web-config[0m[38;2;232;232;232;48;2;58;58;58m (AWS::SSM::Parameter)[0m[48;2;58;58;58m                                                    [0m
        [38;2;170;170;170m├[0m [38;2;153;153;153mset[0m  [38;2;153;153;153mValue[0m: [38;2;153;153;153m"/api/v1"[0m → [38;2;232;232;232m"/api/v2"[0m                                                         
        [38;2;170;170;170m└[0m [38;2;153;153;153mset[0m  [38;2;153;153;153mDescription[0m: [38;2;153;153;153m"API endpoint"[0m → [38;2;232;232;232m"API endpoint v2"[0m                                      
[38;2;170;170;170m    [x] [0m[38;2;170;170;170mcreate[0m[38;2;232;232;232m  monitoring-bucket[0m[38;2;153;153;153m (AWS::S3::Bucket)[0m                                                 
[38;2;170;170;170m  ·     [0m[38;2;170;170;170mdelete[0m[38;2;232;232;232m  old-cache[0m[38;2;153;153;153m (AWS::ElastiCache::Cluster)[0m                                               
                                                                                                    
  [1;38;2;232;232;232mStack: staging[0m [38;2;153;153;153m(1 change)[0m                                                                         
  [38;2;85;85;102m──────────────────────────────────────────────────────────[0m                                        
[38;2;170;170;170m  ▸ [x] [0m[38;2;170;170;170mupdate[0m[38;2;232;232;232m  api-gateway[0m[38;2;153;153;153m (AWS::ApiGateway::RestApi)[0m                                              
                                                                                                    
                                                                                                    
                                                                                                    
                                                                                                    
                                                                                                    
                                                                                                    
                                                                                                    
  [38;2;170;170;170m3 selected[0m
[38;2;85;85;102m────────────────────────────────────────────────────────────────────────────────────────────────────[0m
  [1;38;2;129;209;219me[0m[38;2;153;153;153m: extract selected[0m  [1;38;2;129;209;219mr[0m[38;2;153;153;153m: revert all (--force)[0m  [1;38;2;129;209;219mq[0m[38;2;153;153;153m: abort[0m                                   [1;38;2;129;209;219m?[0m[38;2;153;153;153m: help[0m  