[1;38;2;232;232;232m  formae apply — reconcile rejected                                                mode: reconcile  [0m
[38;2;85;85;102m────────────────────────────────────────────────────────────────────────────────────────────────────[0m

  [38;2;170;170;170mYour infrastructure has changed since the last reconcile.[0m
  [38;2;170;170;170mSelect resources to extract, or revert all changes.[0m

                                                                                                    
  [1;38;2;232;232;232mStack: production[0m [38;2;85;85;85m(3 changes)[0m                                                                     
  [38;2;85;85;102m──────────────────────────────────────────────────────────[0m                                        
[38;2;232;232;232;48;2;58;58;58m  ▸ [x] [0m[38;2;232;232;232;48;2;58;58;58mupdate[0m[38;2;232;232;232;48;2;58;58;58m  web-config[0m[38;2;232;232;232;48;2;58;58;58m (AWS::SSM::Parameter)[0m[48;2;58;58;58m                                                    [0m
[38;2;170;170;170m    [x] [0m[38;2;232;232;232mcreate[0m[38;2;232;232;232m  monitoring-bucket[0m[38;2;85;85;85m (AWS::S3::Bucket)[0m                                                 
[38;2;170;170;170m    ·   [0m[38;2;181;181;91mdelete[0m[38;2;181;181;91m  old-cache[0m[38;2;85;85;85m (AWS::ElastiCache::Cluster)[0m                                               
        [38;2;85;85;85mDeleted outside of formae. Remove from your code to align.[0m                                  
                                                                                                    
  [1;38;2;232;232;232mStack: staging[0m [38;2;85;85;85m(1 change)[0m                                                                         
  [38;2;85;85;102m──────────────────────────────────────────────────────────[0m                                        
[38;2;170;170;170m  ▸ [x] [0m[38;2;96;165;250mupdate[0m[38;2;232;232;232m  api-gateway[0m[38;2;85;85;85m (AWS::ApiGateway::RestApi)[0m                                              
                                                                                                    
                                                                                                    
                                                                                                    
                                                                                                    
                                                                                                    
                                                                                                    
                                                                                                    
                                                                                                    
                                                                                                    
                                                                                                    
                                                                                                    
                                                                                                    
  [38;2;170;170;170m3 selected[0m
[38;2;85;85;102m────────────────────────────────────────────────────────────────────────────────────────────────────[0m
  [1;38;2;96;165;250me[0m[38;2;85;85;85m: extract selected[0m  [1;38;2;96;165;250mr[0m[38;2;85;85;85m: revert all (--force)[0m  [1;38;2;96;165;250mq[0m[38;2;85;85;85m: abort[0m                                   [1;38;2;96;165;250m?[0m[38;2;85;85;85m: help[0m  