[1;38;2;232;232;232m  formae apply — reconcile rejected                                                mode: reconcile  [0m
[38;2;85;85;102m────────────────────────────────────────────────────────────────────────────────────────────────────[0m

  [38;2;170;170;170mYour infrastructure has changed since the last reconcile.[0m
  [38;2;170;170;170mSelect resources to extract, or revert all changes.[0m

                                                                                                    
                                                                                                    
                                                                                                    
                                [38;2;85;85;102m╭──────────────────────────────────╮[0m                                
                                [38;2;85;85;102m│[0m                                  [38;2;85;85;102m│[0m                                
                                [38;2;85;85;102m│[0m  [1;38;2;232;232;232mHelp[0m                            [38;2;85;85;102m│[0m                                
                                [38;2;85;85;102m│[0m                                  [38;2;85;85;102m│[0m                                
                                [38;2;85;85;102m│[0m  [1;38;2;232;232;232mNavigate[0m                        [38;2;85;85;102m│[0m                                
                                [38;2;85;85;102m│[0m    [38;2;129;209;219m↑↓ / j k[0m — [38;2;170;170;170mmove cursor[0m        [38;2;85;85;102m│[0m                                
                                [38;2;85;85;102m│[0m                                  [38;2;85;85;102m│[0m                                
                                [38;2;85;85;102m│[0m  [1;38;2;232;232;232mActions[0m                         [38;2;85;85;102m│[0m                                
                                [38;2;85;85;102m│[0m    [38;2;129;209;219mspace[0m    — [38;2;170;170;170mtoggle select[0m      [38;2;85;85;102m│[0m                                
                                [38;2;85;85;102m│[0m    [38;2;129;209;219menter[0m    — [38;2;170;170;170mexpand details[0m     [38;2;85;85;102m│[0m                                
                                [38;2;85;85;102m│[0m    [38;2;129;209;219ma / n[0m    — [38;2;170;170;170mselect all / none[0m  [38;2;85;85;102m│[0m                                
                                [38;2;85;85;102m│[0m    [38;2;129;209;219me[0m        — [38;2;170;170;170mextract selected[0m   [38;2;85;85;102m│[0m                                
                                [38;2;85;85;102m│[0m    [38;2;129;209;219mr[0m        — [38;2;170;170;170mrevert (--force)[0m   [38;2;85;85;102m│[0m                                
                                [38;2;85;85;102m│[0m                                  [38;2;85;85;102m│[0m                                
                                [38;2;85;85;102m│[0m  [1;38;2;232;232;232mGeneral[0m                         [38;2;85;85;102m│[0m                                
                                [38;2;85;85;102m│[0m    [38;2;129;209;219mesc / q[0m  — [38;2;170;170;170mabort[0m              [38;2;85;85;102m│[0m                                
                                [38;2;85;85;102m│[0m    [38;2;129;209;219m?[0m        — [38;2;170;170;170mclose help[0m         [38;2;85;85;102m│[0m                                
                                [38;2;85;85;102m│[0m                                  [38;2;85;85;102m│[0m                                
                                [38;2;85;85;102m╰──────────────────────────────────╯[0m                                
                                                                                                    
                                                                                                    
                                                                                                    
